{
  "study_id": "E2-F1-CENTER-SLOW-MID-WAVE-V1",
  "scope": "formal E2 reference-feasibility radial search",
  "input_definition": {
    "domain_id": "D_ref",
    "kind": "net_load_reference",
    "sign_convention": "positive input denotes wind surplus and reduces the nuclear power reference",
    "claim_limit": "reference-feasibility domain, not a physical grid-disturbance rejection domain"
  },
  "system_scaling": {
    "model_system_base_mw": 100.0,
    "wind_portfolio_capacity_mw": 17.56,
    "mapping_version": "e2_slow_grid_v2",
    "mapping_file": "research_execution/02_data/w1a_slow_band/e2_slow_grid_v2.json",
    "claim_limit": "Sotavento Energy-unit interpretation remains provisional as documented by W1-A"
  },
  "constraint_registry_id": "E2-FORMAL-CONSTRAINTS-V1",
  "config_path": "D:\\mpc_gpt\\research_execution\\04_experiments\\configs\\e2_f1_center_slow_mid_wave_v1.json",
  "config_sha256": "094AF3839A1E291983EEE234240BAF2C8B51E313112F6958C217E3A72CDEF97F",
  "code_provenance": {
    "formal_runner": "282FC1148A8B6225FCCD679BC1924E9FAA0907B82A4F4F79FE82D6568E719E65",
    "frequency_runner": "2087115F7F39D26DEBA6DD628EFF53478594AA1B9402A8D68626182276C4FCC4",
    "smoke_runner": "CCC6CAFD8BC698B75CF9D9C53B21E7D9E78330CBC36A68B8CBFE30A10BE64016",
    "metrics_source": "108631E395C0D67950ED64EDA0A8975D93500E8C4300911050F1282549366518",
    "mpc_utils": "48343A220E2B990CEB783B1E50C45D2F14B20FDFD38C6E01699D3CF7BAA1CCD8",
    "model": "E9B3BDAF2D0EDA000B72947373EAF76CBAC74D4D06ADC2F0DE3A7736CC0E8690",
    "parameters": "C09BC1DB5C2AAC3D5E0B897B6CFD7C5068EAD12D527F60BEEC6BA5DE4E0D719A",
    "schema": "ACC64A367AC70DE470B9FB69F9ECF9D2242BA5780F966862E415B95056E353F3"
  },
  "code_bundle_sha256": "C931CE2936BF1A3C2A3EF3060AC34CF48CEBF133953EB8A2B5CE438F65DAA3B1",
  "ray_count_total": 8,
  "ray_count_in_report": 1,
  "ray_results": [
    {
      "ray_index": 6,
      "ray": {
        "power_pu": 0.9,
        "soc": 0.5,
        "frequency": {
          "frequency_hz": 8.015950520833334e-05,
          "cycles": 1,
          "evidence_class": "Sotavento W1-A 95% cumulative spectral-energy frequency"
        },
        "phase_rad": 4.71238898038469,
        "controller": "PID"
      },
      "operating_observation": {
        "electrical_power_pu": 0.8999999999886228,
        "frequency_pu": 1.0
      },
      "coarse_scan": {
        "pairs": [
          {
            "amplitude_pu": 0.0,
            "safe": true
          },
          {
            "amplitude_pu": 0.024548310554290048,
            "safe": true
          },
          {
            "amplitude_pu": 0.038061564333333284,
            "safe": true
          },
          {
            "amplitude_pu": 0.0544,
            "safe": true
          },
          {
            "amplitude_pu": 0.0982,
            "safe": true
          },
          {
            "amplitude_pu": 0.1322,
            "safe": true
          },
          {
            "amplitude_pu": 0.2168,
            "safe": false
          },
          {
            "amplitude_pu": 0.3,
            "safe": false
          }
        ],
        "transitions": [
          {
            "lower_amplitude_pu": 0.1322,
            "upper_amplitude_pu": 0.2168,
            "from_safe": true,
            "to_safe": false
          }
        ],
        "first_failure_bracket": {
          "lower_amplitude_pu": 0.1322,
          "upper_amplitude_pu": 0.2168,
          "from_safe": true,
          "to_safe": false
        },
        "non_star_shaped": false,
        "all_safe": false,
        "center_safe": true
      },
      "boundary_status": "bracketed_first_failure",
      "safe_boundary_amplitude_pu": 0.14806249999999999,
      "first_failure_amplitude_pu": 0.15335,
      "boundary_width_pu": 0.0052875000000000005,
      "active_constraint": "neutron_power_pu",
      "first_violation_time_s": 44.50044553910231,
      "first_violation_phase": "forcing",
      "failure_recovery": {
        "complete": true,
        "window_start_s": 12665.126903553299,
        "window_end_s": 12675.126903553299,
        "observed": {
          "power_abs_error_pu": 0.00010247652531025775,
          "frequency_abs_hz": 8.658966876603592e-08,
          "coolant_average_abs_deviation_c": 0.19470035901201754,
          "bess_power_abs_mw": 0.01038937159697039
        },
        "limits": {
          "power_abs_error_pu": 0.005,
          "frequency_abs_hz": 0.02,
          "coolant_average_abs_deviation_c": 0.5,
          "bess_power_abs_mw": 0.25
        }
      },
      "coarse_case_hashes": [
        "29B3D9CE9E53E35E3DB8997540E548A875A9BD26830F8EBE248B5E5DE6CCCBE9",
        "82DF9A672006BF82A09F72DE611D4C0E054AAAB0C10D386F5C7723136A6790E0",
        "F8B89DA417976B6B2107932434732CE72A2AB98962500DDFB4D3E9812C66C9F8",
        "4E6F121F6FEF8DE34C2669F3B946A071E6EC800E199EC59D2BB5631A74D9FBE7",
        "9CDCCEB217715A2F892C849BC00CDF771C4A8AEC1EA7633A0DB8F81B0D4C2C10",
        "79D5B79B4A6035A4867BABA4AA88231BB820AC5955C5FD75F46D308CDC1A28EE",
        "C8781F4828615975BB543FE43D774E9C52A9FEEED9422208C6D65FE10EE74B12",
        "F599BF2C846FCB3AD9C0AAD975CD5ABEE57B43E075BEA4B2CBF34EC87BC18215"
      ],
      "bisection_case_hashes": [
        "7DECC7F4EB114D91E53288533F5AC0A929D13848BA1585243720062A26A9A5F3",
        "041D191161FDE96D293D3C83675B53740AFAA90789151433FB8837F8895FF400",
        "7742EE3C7B984ECEAE43BEA0733DE22AC06DC5EEC1022A79DFE8C8F130F6DA84",
        "F38731885C98D770C81CC0BD332AD6AA3F68A7DF5DE1A83834771CB089128D92"
      ]
    }
  ],
  "deterministic_summary_sha256": "8C5B7ADA7542282DDB79153E912C1A0D757F870EEE357536E1E434F2247DF791"
}
