{
  "study_id": "E2-F1-CENTER-SLOW-MID-WAVE-V1",
  "scope": "formal E2 reference-feasibility radial search",
  "input_definition": {
    "domain_id": "D_ref",
    "kind": "net_load_reference",
    "sign_convention": "positive input denotes wind surplus and reduces the nuclear power reference",
    "claim_limit": "reference-feasibility domain, not a physical grid-disturbance rejection domain"
  },
  "system_scaling": {
    "model_system_base_mw": 100.0,
    "wind_portfolio_capacity_mw": 17.56,
    "mapping_version": "e2_slow_grid_v2",
    "mapping_file": "research_execution/02_data/w1a_slow_band/e2_slow_grid_v2.json",
    "claim_limit": "Sotavento Energy-unit interpretation remains provisional as documented by W1-A"
  },
  "constraint_registry_id": "E2-FORMAL-CONSTRAINTS-V1",
  "config_path": "D:\\mpc_gpt\\research_execution\\04_experiments\\configs\\e2_f1_center_slow_mid_wave_v1.json",
  "config_sha256": "094AF3839A1E291983EEE234240BAF2C8B51E313112F6958C217E3A72CDEF97F",
  "code_provenance": {
    "formal_runner": "282FC1148A8B6225FCCD679BC1924E9FAA0907B82A4F4F79FE82D6568E719E65",
    "frequency_runner": "2087115F7F39D26DEBA6DD628EFF53478594AA1B9402A8D68626182276C4FCC4",
    "smoke_runner": "CCC6CAFD8BC698B75CF9D9C53B21E7D9E78330CBC36A68B8CBFE30A10BE64016",
    "metrics_source": "108631E395C0D67950ED64EDA0A8975D93500E8C4300911050F1282549366518",
    "mpc_utils": "48343A220E2B990CEB783B1E50C45D2F14B20FDFD38C6E01699D3CF7BAA1CCD8",
    "model": "E9B3BDAF2D0EDA000B72947373EAF76CBAC74D4D06ADC2F0DE3A7736CC0E8690",
    "parameters": "C09BC1DB5C2AAC3D5E0B897B6CFD7C5068EAD12D527F60BEEC6BA5DE4E0D719A",
    "schema": "ACC64A367AC70DE470B9FB69F9ECF9D2242BA5780F966862E415B95056E353F3"
  },
  "code_bundle_sha256": "C931CE2936BF1A3C2A3EF3060AC34CF48CEBF133953EB8A2B5CE438F65DAA3B1",
  "ray_count_total": 8,
  "ray_count_in_report": 1,
  "ray_results": [
    {
      "ray_index": 2,
      "ray": {
        "power_pu": 0.9,
        "soc": 0.5,
        "frequency": {
          "frequency_hz": 8.015950520833334e-05,
          "cycles": 1,
          "evidence_class": "Sotavento W1-A 95% cumulative spectral-energy frequency"
        },
        "phase_rad": 1.5707963267948966,
        "controller": "PID"
      },
      "operating_observation": {
        "electrical_power_pu": 0.8999999999886228,
        "frequency_pu": 1.0
      },
      "coarse_scan": {
        "pairs": [
          {
            "amplitude_pu": 0.0,
            "safe": true
          },
          {
            "amplitude_pu": 0.024548310554290048,
            "safe": true
          },
          {
            "amplitude_pu": 0.038061564333333284,
            "safe": true
          },
          {
            "amplitude_pu": 0.0544,
            "safe": true
          },
          {
            "amplitude_pu": 0.0982,
            "safe": true
          },
          {
            "amplitude_pu": 0.1322,
            "safe": true
          },
          {
            "amplitude_pu": 0.2168,
            "safe": false
          },
          {
            "amplitude_pu": 0.3,
            "safe": false
          }
        ],
        "transitions": [
          {
            "lower_amplitude_pu": 0.1322,
            "upper_amplitude_pu": 0.2168,
            "from_safe": true,
            "to_safe": false
          }
        ],
        "first_failure_bracket": {
          "lower_amplitude_pu": 0.1322,
          "upper_amplitude_pu": 0.2168,
          "from_safe": true,
          "to_safe": false
        },
        "non_star_shaped": false,
        "all_safe": false,
        "center_safe": true
      },
      "boundary_status": "bracketed_first_failure",
      "safe_boundary_amplitude_pu": 0.19565,
      "first_failure_amplitude_pu": 0.2009375,
      "boundary_width_pu": 0.0052875000000000005,
      "active_constraint": "neutron_power_pu",
      "first_violation_time_s": 6043.060503208882,
      "first_violation_phase": "forcing",
      "failure_recovery": {
        "complete": true,
        "window_start_s": 12665.126903553299,
        "window_end_s": 12675.126903553299,
        "observed": {
          "power_abs_error_pu": 0.00013169886396990904,
          "frequency_abs_hz": 1.1053780557230195e-07,
          "coolant_average_abs_deviation_c": 0.17019524332670244,
          "bess_power_abs_mw": 0.013358430418251873
        },
        "limits": {
          "power_abs_error_pu": 0.005,
          "frequency_abs_hz": 0.02,
          "coolant_average_abs_deviation_c": 0.5,
          "bess_power_abs_mw": 0.25
        }
      },
      "coarse_case_hashes": [
        "5276DE3A6EC39F7E730A953DF64B9B69E98BF4185A4A82CF0C434A6D56827FCD",
        "3DD884F92B5C88DED9DAB879B1526F5A8206109A8120A746A9CA4AAEFDD46BA5",
        "2B89441CB3B3A31D32600A33B558CB2020C919BA6C7400C0DBDD80BA33EF466C",
        "186A76F5FBB2CA6C310B3F31D78BD2CCC42634E5BD40CDA5AA09548B23891C23",
        "2756817E06089D4E1422F664280DAB73EE1453DA1F03B7CA2AE2A1E282D76638",
        "D360057776EE051C40CF84D824AE3429F69F1A174703256F2067516103554DA7",
        "6117E13DCF60FAC571877485CCEEA8F348FC164B56B1BB31A34C10759ADA722E",
        "53CF16E5AB2AF6EE1FF5B392F6DF999BA94E07824C9D2B6376F8B85ED2A783EB"
      ],
      "bisection_case_hashes": [
        "779506C5D2C0D170B57D967C838C38F5F5ADE7439F316DAFD25ED1F5436EB6B8",
        "4BB6CC8B47827D7C1F23F3A0B19D52A9551EB366E50DAD2753C03E982AF4F090",
        "C12D73C0DCDAAD8C8DD3F9D888B2C6737F9AD0B95DDFC725A3308FD35F6C58E2",
        "7DFF2D4E5B6FD76F7D678D7B34F9ED3AF460D099BCCC5AB4C4053AE654E5B35B"
      ]
    }
  ],
  "deterministic_summary_sha256": "A7901C7C099CB7CBA7716B690E2FA31609E9FB484CC26C2ABFBC1415D33B4298"
}
