D:\Micorsoft Edgeœ¬‘ÿ\py3.8\lib\site-packages\cvxpy\problems\problem.py:158: UserWarning: Objective contains too many subexpressions. Consider vectorizing your CVXPY code to speed up compilation.
  warnings.warn("Objective contains too many subexpressions. "
{
  "study_id": "E2-D0-REFERENCE-PILOT-V1",
  "scope": "formal E2 reference-feasibility radial search",
  "input_definition": {
    "domain_id": "D_ref",
    "kind": "net_load_reference",
    "sign_convention": "positive input denotes wind surplus and reduces the nuclear power reference",
    "claim_limit": "reference-feasibility domain, not a physical grid-disturbance rejection domain"
  },
  "system_scaling": {
    "model_system_base_mw": 100.0,
    "wind_portfolio_capacity_mw": 17.56,
    "mapping_version": "e2_fast_grid_v2",
    "mapping_file": "research_execution/02_data/w1b_fast_band/e2_fast_grid_v2.json",
    "claim_limit": "portfolio scaling is a cross-source scenario assumption"
  },
  "constraint_registry_id": "E2-FORMAL-CONSTRAINTS-V1",
  "config_path": "D:\\mpc_gpt\\research_execution\\04_experiments\\configs\\e2_d0_reference_pilot_v1.json",
  "config_sha256": "688A5BC3E9FD080A1F53D45944922C58F068536FCC891461E3009AFD3AD40C71",
  "code_provenance": {
    "formal_runner": "282FC1148A8B6225FCCD679BC1924E9FAA0907B82A4F4F79FE82D6568E719E65",
    "frequency_runner": "68335009B76CFE494317665741EE969CF11ED042EE9A024DBDB5E2868759E300",
    "smoke_runner": "CCC6CAFD8BC698B75CF9D9C53B21E7D9E78330CBC36A68B8CBFE30A10BE64016",
    "metrics_source": "CABD8EAEDAE6DA7FB7E7933532F0219AF3305568F0F73FBE8B83DD673A879D8C",
    "mpc_utils": "0920CD6462F510CDC208BD0E4F35A7A9CB2BF4DEECA1A44A8EC2D21A998CF372",
    "model": "079A0171C2FFD30375DC5D8EA1DFD3616889E23B343FB16BCD429BCEEE53662A",
    "parameters": "6CF7F261220636F835380F1C56C59C65AD1A6F9CA3E47B797D8CB83AD88587A2",
    "schema": "11EF83265B74F7996080F9B57EDA9270438D1ABBA62EED1C14C0A04E353EA951"
  },
  "code_bundle_sha256": "91DF7FA8C4DA58C363E0FFDCAC9FB7CA3EEB1549A8C41F9DDC017B8AE0EEFF68",
  "ray_count_total": 12,
  "ray_count_in_report": 1,
  "ray_results": [
    {
      "ray_index": 3,
      "ray": {
        "power_pu": 0.9,
        "soc": 0.5,
        "frequency": {
          "frequency_hz": 0.005,
          "cycles": 1,
          "evidence_class": "MORE-EU direct active power; lower fast-band representative",
          "data_relevance_peak_system_pu": 0.0035736299898878297
        },
        "phase_rad": 3.141592653589793,
        "controller": "MPC"
      },
      "operating_observation": {
        "electrical_power_pu": 0.8999999999886228,
        "frequency_pu": 1.0
      },
      "coarse_scan": {
        "pairs": [
          {
            "amplitude_pu": 0.0,
            "safe": true
          },
          {
            "amplitude_pu": 0.024548310554290048,
            "safe": true
          },
          {
            "amplitude_pu": 0.0544,
            "safe": true
          },
          {
            "amplitude_pu": 0.0982,
            "safe": true
          },
          {
            "amplitude_pu": 0.1322,
            "safe": false
          },
          {
            "amplitude_pu": 0.2168,
            "safe": false
          },
          {
            "amplitude_pu": 0.3,
            "safe": false
          }
        ],
        "transitions": [
          {
            "lower_amplitude_pu": 0.0982,
            "upper_amplitude_pu": 0.1322,
            "from_safe": true,
            "to_safe": false
          }
        ],
        "first_failure_bracket": {
          "lower_amplitude_pu": 0.0982,
          "upper_amplitude_pu": 0.1322,
          "from_safe": true,
          "to_safe": false
        },
        "non_star_shaped": false,
        "all_safe": false,
        "center_safe": true
      },
      "boundary_status": "bracketed_first_failure",
      "safe_boundary_amplitude_pu": 0.10669999999999999,
      "first_failure_amplitude_pu": 0.1152,
      "boundary_width_pu": 0.008500000000000008,
      "active_constraint": "recovery_incomplete",
      "first_violation_time_s": null,
      "first_violation_phase": null,
      "failure_recovery": {
        "complete": false,
        "window_start_s": 390.0,
        "window_end_s": 400.0,
        "observed": {
          "power_abs_error_pu": 0.005253571547010671,
          "frequency_abs_hz": 3.761269962047252e-08,
          "coolant_average_abs_deviation_c": 0.27254212346963413,
          "bess_power_abs_mw": 0.0034793868423584704
        },
        "limits": {
          "power_abs_error_pu": 0.005,
          "frequency_abs_hz": 0.02,
          "coolant_average_abs_deviation_c": 0.5,
          "bess_power_abs_mw": 0.25
        }
      },
      "coarse_case_hashes": [
        "D1BFC88F3AB4C1925CFBAC93732359042E76C7E2DAC5B791F52971E46BACBB42",
        "29885AABA5EEAB8493A6305AD4E2A30E5953FA6E657E82C796C49F0EEBE6ADC8",
        "FC21AE5070B16F98F5506A6EA72CDD1C7EC8CFF85047F3B3A3EB6505D833A1DF",
        "D20953B621E5D9B18EAD87E2B1ADCAEEF550D2AB65667BCAF4E062BDBACF1983",
        "4915D65737C506F41A7531EF096217ECA702753EC728EF9EC064FE631C019D04",
        "F97F308E45F9592753729479D5879B59816D404396D4F2188B983F2C1A7B06CC",
        "A56AC3F5AE7E5D6F382CB18498F22BAD140CC131084C8413B41313B6FB58AE72"
      ],
      "bisection_case_hashes": [
        "664B5BE93AD0022DEFA232FD1C48B8C4EFEA0BEED991DBB4BFA72B948685C8C6",
        "CB977E30360802414B477A86429C945C6FE34B884DF6BA42B943373214B734A7"
      ]
    }
  ],
  "deterministic_summary_sha256": "E395B429617ED967F18CE32FA837D7D46C04A24A0C8B893B5439849302902F2B"
}
