{
  "study_id": "E2-D0-REFERENCE-PILOT-V1",
  "scope": "formal E2 reference-feasibility radial search",
  "input_definition": {
    "domain_id": "D_ref",
    "kind": "net_load_reference",
    "sign_convention": "positive input denotes wind surplus and reduces the nuclear power reference",
    "claim_limit": "reference-feasibility domain, not a physical grid-disturbance rejection domain"
  },
  "system_scaling": {
    "model_system_base_mw": 100.0,
    "wind_portfolio_capacity_mw": 17.56,
    "mapping_version": "e2_fast_grid_v2",
    "mapping_file": "research_execution/02_data/w1b_fast_band/e2_fast_grid_v2.json",
    "claim_limit": "portfolio scaling is a cross-source scenario assumption"
  },
  "constraint_registry_id": "E2-FORMAL-CONSTRAINTS-V1",
  "config_path": "D:\\mpc_gpt\\research_execution\\04_experiments\\configs\\e2_d0_reference_pilot_v1.json",
  "config_sha256": "688A5BC3E9FD080A1F53D45944922C58F068536FCC891461E3009AFD3AD40C71",
  "code_provenance": {
    "formal_runner": "282FC1148A8B6225FCCD679BC1924E9FAA0907B82A4F4F79FE82D6568E719E65",
    "frequency_runner": "68335009B76CFE494317665741EE969CF11ED042EE9A024DBDB5E2868759E300",
    "smoke_runner": "CCC6CAFD8BC698B75CF9D9C53B21E7D9E78330CBC36A68B8CBFE30A10BE64016",
    "metrics_source": "CABD8EAEDAE6DA7FB7E7933532F0219AF3305568F0F73FBE8B83DD673A879D8C",
    "mpc_utils": "0920CD6462F510CDC208BD0E4F35A7A9CB2BF4DEECA1A44A8EC2D21A998CF372",
    "model": "079A0171C2FFD30375DC5D8EA1DFD3616889E23B343FB16BCD429BCEEE53662A",
    "parameters": "6CF7F261220636F835380F1C56C59C65AD1A6F9CA3E47B797D8CB83AD88587A2",
    "schema": "11EF83265B74F7996080F9B57EDA9270438D1ABBA62EED1C14C0A04E353EA951"
  },
  "code_bundle_sha256": "91DF7FA8C4DA58C363E0FFDCAC9FB7CA3EEB1549A8C41F9DDC017B8AE0EEFF68",
  "ray_count_total": 12,
  "ray_count_in_report": 1,
  "ray_results": [
    {
      "ray_index": 8,
      "ray": {
        "power_pu": 0.9,
        "soc": 0.5,
        "frequency": {
          "frequency_hz": 0.15,
          "cycles": 2,
          "evidence_class": "MORE-EU direct active power; low-energy upper-band representative",
          "data_relevance_peak_system_pu": 0.0005491420265600629
        },
        "phase_rad": 0.0,
        "controller": "PID"
      },
      "operating_observation": {
        "electrical_power_pu": 0.8999999999886228,
        "frequency_pu": 1.0
      },
      "coarse_scan": {
        "pairs": [
          {
            "amplitude_pu": 0.0,
            "safe": true
          },
          {
            "amplitude_pu": 0.024548310554290048,
            "safe": true
          },
          {
            "amplitude_pu": 0.0544,
            "safe": true
          },
          {
            "amplitude_pu": 0.0982,
            "safe": true
          },
          {
            "amplitude_pu": 0.1322,
            "safe": true
          },
          {
            "amplitude_pu": 0.2168,
            "safe": true
          },
          {
            "amplitude_pu": 0.3,
            "safe": true
          }
        ],
        "transitions": [],
        "first_failure_bracket": null,
        "non_star_shaped": false,
        "all_safe": true,
        "center_safe": true
      },
      "boundary_status": "right_censored_at_search_upper",
      "safe_boundary_amplitude_pu": 0.3,
      "first_failure_amplitude_pu": null,
      "boundary_width_pu": null,
      "active_constraint": null,
      "first_violation_time_s": null,
      "first_violation_phase": null,
      "failure_recovery": null,
      "coarse_case_hashes": [
        "ABD9B64FD90668E1745EEB8D33EDFF9770E58D5B97F4B1A6DBE95E37D56D1C20",
        "541ED185B27F380AD1F88BDCE9355C7B1F6872993223933873CB21464ADED544",
        "F1B3C83714448928E9D49B8891B8CA8D82C992538CDAD2B4B365D528CBD6A328",
        "31AD5772B4662E6C8018E98D6C8CD21A2894D3FE7AF3D3BCD8A20252A814932C",
        "00994C73AFC09D1EA10F24D6AB9180A88F0EF91AA0668AA3E3DB41494D0B98F0",
        "C14CDB75A3256993A196E65E6BD6B3AF1D1F7519CB73DD28647E65F16221FAAC",
        "10F062660E6ECA090F68E4F17C43F1B16E949935258C417A2F80B1566EA2ADD1"
      ],
      "bisection_case_hashes": []
    }
  ],
  "deterministic_summary_sha256": "6B927699D3CFF3719FE2CA7E214BF5E2D3A0A1559D6C80D69F888366D7FE5A66"
}
