{
  "study_id": "E2-F1-CENTER-SLOW-HIGH-WAVE-V1",
  "scope": "formal E2 reference-feasibility radial search",
  "input_definition": {
    "domain_id": "D_ref",
    "kind": "net_load_reference",
    "sign_convention": "positive input denotes wind surplus and reduces the nuclear power reference",
    "claim_limit": "reference-feasibility domain, not a physical grid-disturbance rejection domain"
  },
  "system_scaling": {
    "model_system_base_mw": 100.0,
    "wind_portfolio_capacity_mw": 17.56,
    "mapping_version": "e2_slow_grid_v2",
    "mapping_file": "research_execution/02_data/w1a_slow_band/e2_slow_grid_v2.json",
    "claim_limit": "Sotavento Energy-unit interpretation remains provisional as documented by W1-A"
  },
  "constraint_registry_id": "E2-FORMAL-CONSTRAINTS-V1",
  "config_path": "D:\\mpc_gpt\\research_execution\\04_experiments\\configs\\e2_f1_center_slow_high_wave_v1.json",
  "config_sha256": "6D3EE11FA4D0772B4BCABA9A8D53E24EDBB828494DAC84B2D176F200F0E7DC16",
  "code_provenance": {
    "formal_runner": "282FC1148A8B6225FCCD679BC1924E9FAA0907B82A4F4F79FE82D6568E719E65",
    "frequency_runner": "68335009B76CFE494317665741EE969CF11ED042EE9A024DBDB5E2868759E300",
    "smoke_runner": "CCC6CAFD8BC698B75CF9D9C53B21E7D9E78330CBC36A68B8CBFE30A10BE64016",
    "metrics_source": "CABD8EAEDAE6DA7FB7E7933532F0219AF3305568F0F73FBE8B83DD673A879D8C",
    "mpc_utils": "BC3213149754866F823D2EFD6226276F7F08EEB375BA7E31606FD31AB274E330",
    "model": "079A0171C2FFD30375DC5D8EA1DFD3616889E23B343FB16BCD429BCEEE53662A",
    "parameters": "6CF7F261220636F835380F1C56C59C65AD1A6F9CA3E47B797D8CB83AD88587A2",
    "schema": "11EF83265B74F7996080F9B57EDA9270438D1ABBA62EED1C14C0A04E353EA951"
  },
  "code_bundle_sha256": "B531661742F2B53E27BF3871FE6AEA751F74E4F50CC81EB3B6427C8E54434535",
  "ray_count_total": 8,
  "ray_count_in_report": 1,
  "ray_results": [
    {
      "ray_index": 5,
      "ray": {
        "power_pu": 0.9,
        "soc": 0.5,
        "frequency": {
          "frequency_hz": 0.0003076171875,
          "cycles": 1,
          "evidence_class": "Sotavento W1-A 99% cumulative spectral-energy frequency"
        },
        "phase_rad": 3.141592653589793,
        "controller": "MPC"
      },
      "operating_observation": {
        "electrical_power_pu": 0.8999999999886228,
        "frequency_pu": 1.0
      },
      "coarse_scan": {
        "pairs": [
          {
            "amplitude_pu": 0.0,
            "safe": true
          },
          {
            "amplitude_pu": 0.024548310554290048,
            "safe": true
          },
          {
            "amplitude_pu": 0.038061564333333284,
            "safe": true
          },
          {
            "amplitude_pu": 0.0544,
            "safe": true
          },
          {
            "amplitude_pu": 0.0982,
            "safe": true
          },
          {
            "amplitude_pu": 0.1322,
            "safe": true
          },
          {
            "amplitude_pu": 0.2168,
            "safe": false
          },
          {
            "amplitude_pu": 0.3,
            "safe": false
          }
        ],
        "transitions": [
          {
            "lower_amplitude_pu": 0.1322,
            "upper_amplitude_pu": 0.2168,
            "from_safe": true,
            "to_safe": false
          }
        ],
        "first_failure_bracket": {
          "lower_amplitude_pu": 0.1322,
          "upper_amplitude_pu": 0.2168,
          "from_safe": true,
          "to_safe": false
        },
        "non_star_shaped": false,
        "all_safe": false,
        "center_safe": true
      },
      "boundary_status": "bracketed_first_failure",
      "safe_boundary_amplitude_pu": 0.206225,
      "first_failure_amplitude_pu": 0.2115125,
      "boundary_width_pu": 0.0052875000000000005,
      "active_constraint": "neutron_power_pu",
      "first_violation_time_s": 755.954795711388,
      "first_violation_phase": "forcing",
      "failure_recovery": {
        "complete": true,
        "window_start_s": 3440.7936507936506,
        "window_end_s": 3450.7936507936506,
        "observed": {
          "power_abs_error_pu": 0.00048297570611577356,
          "frequency_abs_hz": 2.0492434415456047e-08,
          "coolant_average_abs_deviation_c": 0.20848888874161275,
          "bess_power_abs_mw": 0.0015722510945631759
        },
        "limits": {
          "power_abs_error_pu": 0.005,
          "frequency_abs_hz": 0.02,
          "coolant_average_abs_deviation_c": 0.5,
          "bess_power_abs_mw": 0.25
        }
      },
      "coarse_case_hashes": [
        "BCFD1DBB55F1044DA4F62874DBBFDBD969F5FBD5AE6BF7B4579CAB13E93C0702",
        "30143342154DF038E6B7622AA8DFC06D3F56BBD3D38CDAF6C9F67BE312472D27",
        "DC198980299E901598AB0D5B40DD98F7DD3F2F22B69A9F4345178BC1965C336E",
        "B3C5DF8347BB50F04C31A63F69B0E38C49403215147A6D49F1E3E86B957D80BB",
        "0B385285CCA38779AC8A358872BC85CF007611B41B4F0522B65FACA84DAD6DE0",
        "A594D9BE8275E12C45105833AF78D99185F57E2045A505C6411805A941054F9A",
        "64F5C27BF7BB617EA45BBF0EE5C1EC97079982046A06DEBA7CEB75A6288679F3",
        "2F57846B53A54BA1537DDD9E9331A68C782AFC7F241D07919F7502282627415A"
      ],
      "bisection_case_hashes": [
        "F902AE2D9E257FC3588DCB17D8BA184F9232287D4953CDF641B87BB0AD4A53A3",
        "15FC44A7CE31C4D42C4E59BD3BFC301342758E302540FFEE183F3ABF5E958341",
        "560B033C13A927D6E0E978912C08552E19DD1A5587E7ACAC1B9078737088ADA9",
        "3E4A2DA00255EDFE96F2D2412068C660856661B380591F968EFCA7A020CFD75C"
      ]
    }
  ],
  "deterministic_summary_sha256": "452FE93242D939A81E63BFD205FABDC389E5D9FEE72FBB15173D4F6FDB6F525B"
}
