{
  "study_id": "E2-F1-CENTER-SLOW-HIGH-WAVE-V1",
  "scope": "formal E2 reference-feasibility radial search",
  "input_definition": {
    "domain_id": "D_ref",
    "kind": "net_load_reference",
    "sign_convention": "positive input denotes wind surplus and reduces the nuclear power reference",
    "claim_limit": "reference-feasibility domain, not a physical grid-disturbance rejection domain"
  },
  "system_scaling": {
    "model_system_base_mw": 100.0,
    "wind_portfolio_capacity_mw": 17.56,
    "mapping_version": "e2_slow_grid_v2",
    "mapping_file": "research_execution/02_data/w1a_slow_band/e2_slow_grid_v2.json",
    "claim_limit": "Sotavento Energy-unit interpretation remains provisional as documented by W1-A"
  },
  "constraint_registry_id": "E2-FORMAL-CONSTRAINTS-V1",
  "config_path": "D:\\mpc_gpt\\research_execution\\04_experiments\\configs\\e2_f1_center_slow_high_wave_v1.json",
  "config_sha256": "6D3EE11FA4D0772B4BCABA9A8D53E24EDBB828494DAC84B2D176F200F0E7DC16",
  "code_provenance": {
    "formal_runner": "282FC1148A8B6225FCCD679BC1924E9FAA0907B82A4F4F79FE82D6568E719E65",
    "frequency_runner": "68335009B76CFE494317665741EE969CF11ED042EE9A024DBDB5E2868759E300",
    "smoke_runner": "CCC6CAFD8BC698B75CF9D9C53B21E7D9E78330CBC36A68B8CBFE30A10BE64016",
    "metrics_source": "CABD8EAEDAE6DA7FB7E7933532F0219AF3305568F0F73FBE8B83DD673A879D8C",
    "mpc_utils": "BC3213149754866F823D2EFD6226276F7F08EEB375BA7E31606FD31AB274E330",
    "model": "079A0171C2FFD30375DC5D8EA1DFD3616889E23B343FB16BCD429BCEEE53662A",
    "parameters": "6CF7F261220636F835380F1C56C59C65AD1A6F9CA3E47B797D8CB83AD88587A2",
    "schema": "11EF83265B74F7996080F9B57EDA9270438D1ABBA62EED1C14C0A04E353EA951"
  },
  "code_bundle_sha256": "B531661742F2B53E27BF3871FE6AEA751F74E4F50CC81EB3B6427C8E54434535",
  "ray_count_total": 8,
  "ray_count_in_report": 1,
  "ray_results": [
    {
      "ray_index": 3,
      "ray": {
        "power_pu": 0.9,
        "soc": 0.5,
        "frequency": {
          "frequency_hz": 0.0003076171875,
          "cycles": 1,
          "evidence_class": "Sotavento W1-A 99% cumulative spectral-energy frequency"
        },
        "phase_rad": 1.5707963267948966,
        "controller": "MPC"
      },
      "operating_observation": {
        "electrical_power_pu": 0.8999999999886228,
        "frequency_pu": 1.0
      },
      "coarse_scan": {
        "pairs": [
          {
            "amplitude_pu": 0.0,
            "safe": true
          },
          {
            "amplitude_pu": 0.024548310554290048,
            "safe": true
          },
          {
            "amplitude_pu": 0.038061564333333284,
            "safe": true
          },
          {
            "amplitude_pu": 0.0544,
            "safe": true
          },
          {
            "amplitude_pu": 0.0982,
            "safe": false
          },
          {
            "amplitude_pu": 0.1322,
            "safe": false
          },
          {
            "amplitude_pu": 0.2168,
            "safe": false
          },
          {
            "amplitude_pu": 0.3,
            "safe": false
          }
        ],
        "transitions": [
          {
            "lower_amplitude_pu": 0.0544,
            "upper_amplitude_pu": 0.0982,
            "from_safe": true,
            "to_safe": false
          }
        ],
        "first_failure_bracket": {
          "lower_amplitude_pu": 0.0544,
          "upper_amplitude_pu": 0.0982,
          "from_safe": true,
          "to_safe": false
        },
        "non_star_shaped": false,
        "all_safe": false,
        "center_safe": true
      },
      "boundary_status": "bracketed_first_failure",
      "safe_boundary_amplitude_pu": 0.08177499999999999,
      "first_failure_amplitude_pu": 0.08725,
      "boundary_width_pu": 0.005475000000000008,
      "active_constraint": "recovery_incomplete",
      "first_violation_time_s": null,
      "first_violation_phase": null,
      "failure_recovery": {
        "complete": false,
        "window_start_s": 3440.7936507936506,
        "window_end_s": 3450.7936507936506,
        "observed": {
          "power_abs_error_pu": 0.005070833163070443,
          "frequency_abs_hz": 7.372723764620608e-08,
          "coolant_average_abs_deviation_c": 0.2538035858092371,
          "bess_power_abs_mw": 0.00591574903512049
        },
        "limits": {
          "power_abs_error_pu": 0.005,
          "frequency_abs_hz": 0.02,
          "coolant_average_abs_deviation_c": 0.5,
          "bess_power_abs_mw": 0.25
        }
      },
      "coarse_case_hashes": [
        "7156A7BBD3F8DE916E849AB9EDA2FC82451EE6D17148EDC8D9584C8364BEA5F6",
        "35E4DB325EE06DADB7AEB9EFA22CE7B79ED8533CEA49AE62934C7F24C8B38A15",
        "D2DCBFBC362BE5B648CA8B0FE010F59640CA75591CCB78BC656B44514A2D481A",
        "F1D21F2720F3FEB1F7B1D723C36EC0EE63078D7F471D8B1C56215AE34D315671",
        "2FBB444DD6E64C0329BC13994C71CD045A4C17488DEAE30C8AFC20BFBF575AD2",
        "7CA3FD2CE4C29A78135D31DA726B26F40513D27962ED00852233D07AC0F0919B",
        "CC8999204706D6C07C5DECB33568DF526072F3977BB377CB73BDCD547ECC43B0",
        "3D307F0BFD09725F8319E1CD18942272CD14ECBDC41BB34756D97FB273721E67"
      ],
      "bisection_case_hashes": [
        "2314F2852C7C65B2A765EE93F62275AE2AD69EB98C6A3DBACAB367D9FDBFE8C0",
        "9D4A17C406E3429BE43A6951BB7DF39AC916FF23209A5132A429AE561CB22882",
        "FFB6E423A2CA42759F41314D96F1752A308BDD499CE850CF50ED9DD6658E925A"
      ]
    }
  ],
  "deterministic_summary_sha256": "F15B00D0C62D5DDC30CF69D3662333B7A146CAA01D31BA3D5B7A0ADAC6F84BB5"
}
