{
  "study_id": "E2-F1-CENTER-SLOW-HIGH-WAVE-V1",
  "scope": "formal E2 reference-feasibility radial search",
  "input_definition": {
    "domain_id": "D_ref",
    "kind": "net_load_reference",
    "sign_convention": "positive input denotes wind surplus and reduces the nuclear power reference",
    "claim_limit": "reference-feasibility domain, not a physical grid-disturbance rejection domain"
  },
  "system_scaling": {
    "model_system_base_mw": 100.0,
    "wind_portfolio_capacity_mw": 17.56,
    "mapping_version": "e2_slow_grid_v2",
    "mapping_file": "research_execution/02_data/w1a_slow_band/e2_slow_grid_v2.json",
    "claim_limit": "Sotavento Energy-unit interpretation remains provisional as documented by W1-A"
  },
  "constraint_registry_id": "E2-FORMAL-CONSTRAINTS-V1",
  "config_path": "D:\\mpc_gpt\\research_execution\\04_experiments\\configs\\e2_f1_center_slow_high_wave_v1.json",
  "config_sha256": "6D3EE11FA4D0772B4BCABA9A8D53E24EDBB828494DAC84B2D176F200F0E7DC16",
  "code_provenance": {
    "formal_runner": "282FC1148A8B6225FCCD679BC1924E9FAA0907B82A4F4F79FE82D6568E719E65",
    "frequency_runner": "68335009B76CFE494317665741EE969CF11ED042EE9A024DBDB5E2868759E300",
    "smoke_runner": "CCC6CAFD8BC698B75CF9D9C53B21E7D9E78330CBC36A68B8CBFE30A10BE64016",
    "metrics_source": "CABD8EAEDAE6DA7FB7E7933532F0219AF3305568F0F73FBE8B83DD673A879D8C",
    "mpc_utils": "BC3213149754866F823D2EFD6226276F7F08EEB375BA7E31606FD31AB274E330",
    "model": "079A0171C2FFD30375DC5D8EA1DFD3616889E23B343FB16BCD429BCEEE53662A",
    "parameters": "6CF7F261220636F835380F1C56C59C65AD1A6F9CA3E47B797D8CB83AD88587A2",
    "schema": "11EF83265B74F7996080F9B57EDA9270438D1ABBA62EED1C14C0A04E353EA951"
  },
  "code_bundle_sha256": "B531661742F2B53E27BF3871FE6AEA751F74E4F50CC81EB3B6427C8E54434535",
  "ray_count_total": 8,
  "ray_count_in_report": 1,
  "ray_results": [
    {
      "ray_index": 7,
      "ray": {
        "power_pu": 0.9,
        "soc": 0.5,
        "frequency": {
          "frequency_hz": 0.0003076171875,
          "cycles": 1,
          "evidence_class": "Sotavento W1-A 99% cumulative spectral-energy frequency"
        },
        "phase_rad": 4.71238898038469,
        "controller": "MPC"
      },
      "operating_observation": {
        "electrical_power_pu": 0.8999999999886228,
        "frequency_pu": 1.0
      },
      "coarse_scan": {
        "pairs": [
          {
            "amplitude_pu": 0.0,
            "safe": true
          },
          {
            "amplitude_pu": 0.024548310554290048,
            "safe": true
          },
          {
            "amplitude_pu": 0.038061564333333284,
            "safe": true
          },
          {
            "amplitude_pu": 0.0544,
            "safe": true
          },
          {
            "amplitude_pu": 0.0982,
            "safe": true
          },
          {
            "amplitude_pu": 0.1322,
            "safe": true
          },
          {
            "amplitude_pu": 0.2168,
            "safe": false
          },
          {
            "amplitude_pu": 0.3,
            "safe": false
          }
        ],
        "transitions": [
          {
            "lower_amplitude_pu": 0.1322,
            "upper_amplitude_pu": 0.2168,
            "from_safe": true,
            "to_safe": false
          }
        ],
        "first_failure_bracket": {
          "lower_amplitude_pu": 0.1322,
          "upper_amplitude_pu": 0.2168,
          "from_safe": true,
          "to_safe": false
        },
        "non_star_shaped": false,
        "all_safe": false,
        "center_safe": true
      },
      "boundary_status": "bracketed_first_failure",
      "safe_boundary_amplitude_pu": 0.1586375,
      "first_failure_amplitude_pu": 0.163925,
      "boundary_width_pu": 0.0052875000000000005,
      "active_constraint": "neutron_power_pu",
      "first_violation_time_s": 44.497339165551274,
      "first_violation_phase": "forcing",
      "failure_recovery": {
        "complete": true,
        "window_start_s": 3440.7936507936506,
        "window_end_s": 3450.7936507936506,
        "observed": {
          "power_abs_error_pu": 0.0002632340312308523,
          "frequency_abs_hz": 1.3926896302464643e-07,
          "coolant_average_abs_deviation_c": 0.28188199640715084,
          "bess_power_abs_mw": 0.010682763678997086
        },
        "limits": {
          "power_abs_error_pu": 0.005,
          "frequency_abs_hz": 0.02,
          "coolant_average_abs_deviation_c": 0.5,
          "bess_power_abs_mw": 0.25
        }
      },
      "coarse_case_hashes": [
        "E7DF20976DB762647330B47F87169CFDC96D9A0CE63D63D89861B4A0EAFA05FB",
        "82657D104BA700F6C4C5ED38F1041B58CDE8AABD8B170BF7E3122619A15DB016",
        "89221A9AB1975F2971FEE2364FB757CB93452698CAE2FBA0352FE4B01E963D21",
        "01B431E7930AE8C6427F6D1DA432F39A33A2D09DD306E7D351287E2EE8443776",
        "2E052375AB70F8518C269B8FD58ED460B436F45901D160B29F82C00EFBDC400A",
        "E7FACDC50ADAAC193BD890BFD4118CCA750CA0CC0D0E2483CDBC82CE710C9E1C",
        "B6CA06618A7B0D043AA869AF65CB7AB065541BF2A7B5FB620F814D579B8B85BF",
        "8A2096DA01E32B282E6367950AF5C0E63E8C6E31326EBD6072DB6C98F7DDEB21"
      ],
      "bisection_case_hashes": [
        "0CBA6FFE2F061375D376DA82DFBAD55ABC91033DB83EF57F0F989EC8ABD3D15A",
        "5532F2440AE00BD7FD1652AE82E3EF36474FB19F6B0150C70833F8A11BFD9934",
        "F06511314D8D26FE02E8024FE2B18BFA6DC56ADC7048FB52AC8D142140A0FC9A",
        "9BC1AA3CFB832362FA20115F21E0331474B0566E705C6F70E60DFBD756FC6903"
      ]
    }
  ],
  "deterministic_summary_sha256": "7F4D29305AA1724D28E50DA13545A74D11D5DD6A04296F886BD715CBA3536BF3"
}
