{
  "study_id": "E2-F1-CENTER-SLOW-HIGH-WAVE-V1",
  "scope": "formal E2 reference-feasibility radial search",
  "input_definition": {
    "domain_id": "D_ref",
    "kind": "net_load_reference",
    "sign_convention": "positive input denotes wind surplus and reduces the nuclear power reference",
    "claim_limit": "reference-feasibility domain, not a physical grid-disturbance rejection domain"
  },
  "system_scaling": {
    "model_system_base_mw": 100.0,
    "wind_portfolio_capacity_mw": 17.56,
    "mapping_version": "e2_slow_grid_v2",
    "mapping_file": "research_execution/02_data/w1a_slow_band/e2_slow_grid_v2.json",
    "claim_limit": "Sotavento Energy-unit interpretation remains provisional as documented by W1-A"
  },
  "constraint_registry_id": "E2-FORMAL-CONSTRAINTS-V1",
  "config_path": "D:\\mpc_gpt\\research_execution\\04_experiments\\configs\\e2_f1_center_slow_high_wave_v1.json",
  "config_sha256": "6D3EE11FA4D0772B4BCABA9A8D53E24EDBB828494DAC84B2D176F200F0E7DC16",
  "code_provenance": {
    "formal_runner": "282FC1148A8B6225FCCD679BC1924E9FAA0907B82A4F4F79FE82D6568E719E65",
    "frequency_runner": "68335009B76CFE494317665741EE969CF11ED042EE9A024DBDB5E2868759E300",
    "smoke_runner": "CCC6CAFD8BC698B75CF9D9C53B21E7D9E78330CBC36A68B8CBFE30A10BE64016",
    "metrics_source": "CABD8EAEDAE6DA7FB7E7933532F0219AF3305568F0F73FBE8B83DD673A879D8C",
    "mpc_utils": "BC3213149754866F823D2EFD6226276F7F08EEB375BA7E31606FD31AB274E330",
    "model": "079A0171C2FFD30375DC5D8EA1DFD3616889E23B343FB16BCD429BCEEE53662A",
    "parameters": "6CF7F261220636F835380F1C56C59C65AD1A6F9CA3E47B797D8CB83AD88587A2",
    "schema": "11EF83265B74F7996080F9B57EDA9270438D1ABBA62EED1C14C0A04E353EA951"
  },
  "code_bundle_sha256": "B531661742F2B53E27BF3871FE6AEA751F74E4F50CC81EB3B6427C8E54434535",
  "ray_count_total": 8,
  "ray_count_in_report": 1,
  "ray_results": [
    {
      "ray_index": 4,
      "ray": {
        "power_pu": 0.9,
        "soc": 0.5,
        "frequency": {
          "frequency_hz": 0.0003076171875,
          "cycles": 1,
          "evidence_class": "Sotavento W1-A 99% cumulative spectral-energy frequency"
        },
        "phase_rad": 3.141592653589793,
        "controller": "PID"
      },
      "operating_observation": {
        "electrical_power_pu": 0.8999999999886228,
        "frequency_pu": 1.0
      },
      "coarse_scan": {
        "pairs": [
          {
            "amplitude_pu": 0.0,
            "safe": true
          },
          {
            "amplitude_pu": 0.024548310554290048,
            "safe": true
          },
          {
            "amplitude_pu": 0.038061564333333284,
            "safe": true
          },
          {
            "amplitude_pu": 0.0544,
            "safe": true
          },
          {
            "amplitude_pu": 0.0982,
            "safe": true
          },
          {
            "amplitude_pu": 0.1322,
            "safe": true
          },
          {
            "amplitude_pu": 0.2168,
            "safe": false
          },
          {
            "amplitude_pu": 0.3,
            "safe": false
          }
        ],
        "transitions": [
          {
            "lower_amplitude_pu": 0.1322,
            "upper_amplitude_pu": 0.2168,
            "from_safe": true,
            "to_safe": false
          }
        ],
        "first_failure_bracket": {
          "lower_amplitude_pu": 0.1322,
          "upper_amplitude_pu": 0.2168,
          "from_safe": true,
          "to_safe": false
        },
        "non_star_shaped": false,
        "all_safe": false,
        "center_safe": true
      },
      "boundary_status": "bracketed_first_failure",
      "safe_boundary_amplitude_pu": 0.19565,
      "first_failure_amplitude_pu": 0.2009375,
      "boundary_width_pu": 0.0052875000000000005,
      "active_constraint": "neutron_power_pu",
      "first_violation_time_s": 779.9533606546066,
      "first_violation_phase": "forcing",
      "failure_recovery": {
        "complete": true,
        "window_start_s": 3440.7936507936506,
        "window_end_s": 3450.7936507936506,
        "observed": {
          "power_abs_error_pu": 1.5012644182799129e-05,
          "frequency_abs_hz": 1.3091274730551133e-08,
          "coolant_average_abs_deviation_c": 0.21045470751550965,
          "bess_power_abs_mw": 0.0015187983627224823
        },
        "limits": {
          "power_abs_error_pu": 0.005,
          "frequency_abs_hz": 0.02,
          "coolant_average_abs_deviation_c": 0.5,
          "bess_power_abs_mw": 0.25
        }
      },
      "coarse_case_hashes": [
        "063D64E2A4C7C076A571D2BEB4693F89E81F0AE75708300BAB7F8C79B4A6284D",
        "355D123590ADC5A7EAD0F65CD38ABF5EF68E4AC7A4921FF257DD6BDD70B28823",
        "884710BB195AEB4FB300BB5C879CF5E28FF5ADFA1418F7AED5963F5F0430E91F",
        "E36D537B82CA63BBF7B92C5A917F6E421920EA216CC1F6E5D468FCF20DE9E3F6",
        "8A05A28E47751CD206821F7A066F57F7F2C978C0400D912498F773261C2F4F42",
        "D761E5EB96A9BFF3B3C8BDD0C63F6A8F20A5863D5C37DB3F9183E9542B819EDD",
        "F7F95042AF152DDE09B23F3D0ACCB28A1370085A2BF679CED1D89641EF38DF51",
        "1D9B629001D6A3B2CEC4BA4A80D3D34255F564E387237243638A88D33F0837B3"
      ],
      "bisection_case_hashes": [
        "879167C2E1B92107D6ED015E49C2D7B9F1CE9EF3EC67DA89DBF82CB6B37B60BF",
        "5BA3AC0D67CA49FCBC5120E8685691A86E0202B77251636110AB8B83A6508788",
        "5EAAA4C14264F5D59CC08F3DF2C8092C3E4CBC2C5D9FA2BE775EB7A5B50D7E0B",
        "2AA464C34F41D8AA61E9FD927A49DA8533F09B5CA5A459851800D5F6FD0AAC3A"
      ]
    }
  ],
  "deterministic_summary_sha256": "53500A9AEB94E359272323CBC152D25C848A3B0A72E627D09F1948AE3029E1D7"
}
