D:\Micorsoft Edge下载\py3.8\lib\site-packages\cvxpy\problems\problem.py:158: UserWarning: Objective contains too many subexpressions. Consider vectorizing your CVXPY code to speed up compilation.
  warnings.warn("Objective contains too many subexpressions. "
Traceback (most recent call last):
  File "D:\mpc_gpt\4_4\flexibility\run_e2_formal.py", line 296, in <module>
    main()
  File "D:\mpc_gpt\4_4\flexibility\run_e2_formal.py", line 185, in main
    coarse_cases = [evaluate(amplitude) for amplitude in coarse_amplitudes]
  File "D:\mpc_gpt\4_4\flexibility\run_e2_formal.py", line 185, in <listcomp>
    coarse_cases = [evaluate(amplitude) for amplitude in coarse_amplitudes]
  File "D:\mpc_gpt\4_4\flexibility\run_e2_formal.py", line 170, in evaluate
    case = run_case(
  File "D:\mpc_gpt\4_4\flexibility\run_e2_frequency_diagnostic.py", line 211, in run_case
    result = run_mpc_scenario(
  File "D:\mpc_gpt\4_4\metrics_source.py", line 312, in run_mpc_scenario
    valve_command = controller.solve(
  File "D:\mpc_gpt\4_4\mpc_utils_out.py", line 230, in solve
    self.problem.solve(
  File "D:\Micorsoft Edge下载\py3.8\lib\site-packages\cvxpy\problems\problem.py", line 503, in solve
    return solve_func(self, *args, **kwargs)
  File "D:\Micorsoft Edge下载\py3.8\lib\site-packages\cvxpy\problems\problem.py", line 1090, in _solve
    self.unpack_results(solution, solving_chain, inverse_data)
  File "D:\Micorsoft Edge下载\py3.8\lib\site-packages\cvxpy\problems\problem.py", line 1420, in unpack_results
    self.unpack(solution)
  File "D:\Micorsoft Edge下载\py3.8\lib\site-packages\cvxpy\problems\problem.py", line 1369, in unpack
    self._value = self.objective.value
  File "D:\Micorsoft Edge下载\py3.8\lib\site-packages\cvxpy\problems\objective.py", line 97, in value
    v = self.args[0].value
  File "D:\Micorsoft Edge下载\py3.8\lib\site-packages\cvxpy\atoms\atom.py", line 357, in value
    return self._value_impl()
  File "D:\Micorsoft Edge下载\py3.8\lib\site-packages\cvxpy\atoms\atom.py", line 371, in _value_impl
    arg_val = arg._value_impl()
  File "D:\Micorsoft Edge下载\py3.8\lib\site-packages\cvxpy\atoms\atom.py", line 371, in _value_impl
    arg_val = arg._value_impl()
  File "D:\Micorsoft Edge下载\py3.8\lib\site-packages\cvxpy\atoms\atom.py", line 371, in _value_impl
    arg_val = arg._value_impl()
  [Previous line repeated 21 more times]
  File "D:\Micorsoft Edge下载\py3.8\lib\site-packages\cvxpy\atoms\atom.py", line 376, in _value_impl
    result = self.numeric(arg_values)
  File "D:\Micorsoft Edge下载\py3.8\lib\site-packages\cvxpy\atoms\atom.py", line 461, in new_numeric
    values = [interface.const_to_matrix(v, convert_scalars=True)
  File "D:\Micorsoft Edge下载\py3.8\lib\site-packages\cvxpy\atoms\atom.py", line 461, in <listcomp>
    values = [interface.const_to_matrix(v, convert_scalars=True)
KeyboardInterrupt
