{
  "study_id": "E2-D0-REFERENCE-UPPER-EXTENSION-V1",
  "scope": "formal E2 reference-feasibility radial search",
  "input_definition": {
    "domain_id": "D_ref",
    "kind": "net_load_reference",
    "sign_convention": "positive input denotes wind surplus and reduces the nuclear power reference",
    "claim_limit": "reference-feasibility domain, not a physical grid-disturbance rejection domain"
  },
  "system_scaling": {
    "model_system_base_mw": 100.0,
    "wind_portfolio_capacity_mw": 17.56,
    "mapping_version": "e2_fast_grid_v2",
    "mapping_file": "research_execution/02_data/w1b_fast_band/e2_fast_grid_v2.json",
    "claim_limit": "portfolio scaling is a cross-source scenario assumption"
  },
  "constraint_registry_id": "E2-FORMAL-CONSTRAINTS-V1",
  "config_path": "D:\\mpc_gpt\\research_execution\\04_experiments\\configs\\e2_d0_reference_upper_extension_v1.json",
  "config_sha256": "270CB266DD6DA7467458848A93690143A6608E77EA61449D02C5CF8C1B2B8D71",
  "code_provenance": {
    "formal_runner": "282FC1148A8B6225FCCD679BC1924E9FAA0907B82A4F4F79FE82D6568E719E65",
    "frequency_runner": "68335009B76CFE494317665741EE969CF11ED042EE9A024DBDB5E2868759E300",
    "smoke_runner": "CCC6CAFD8BC698B75CF9D9C53B21E7D9E78330CBC36A68B8CBFE30A10BE64016",
    "metrics_source": "CABD8EAEDAE6DA7FB7E7933532F0219AF3305568F0F73FBE8B83DD673A879D8C",
    "mpc_utils": "0920CD6462F510CDC208BD0E4F35A7A9CB2BF4DEECA1A44A8EC2D21A998CF372",
    "model": "079A0171C2FFD30375DC5D8EA1DFD3616889E23B343FB16BCD429BCEEE53662A",
    "parameters": "6CF7F261220636F835380F1C56C59C65AD1A6F9CA3E47B797D8CB83AD88587A2",
    "schema": "11EF83265B74F7996080F9B57EDA9270438D1ABBA62EED1C14C0A04E353EA951"
  },
  "code_bundle_sha256": "91DF7FA8C4DA58C363E0FFDCAC9FB7CA3EEB1549A8C41F9DDC017B8AE0EEFF68",
  "ray_count_total": 12,
  "ray_count_in_report": 1,
  "ray_results": [
    {
      "ray_index": 10,
      "ray": {
        "power_pu": 0.9,
        "soc": 0.5,
        "frequency": {
          "frequency_hz": 0.15,
          "cycles": 2,
          "evidence_class": "MORE-EU direct active power; low-energy upper-band representative",
          "data_relevance_peak_system_pu": 0.0005491420265600629
        },
        "phase_rad": 3.141592653589793,
        "controller": "PID"
      },
      "operating_observation": {
        "electrical_power_pu": 0.8999999999886228,
        "frequency_pu": 1.0
      },
      "coarse_scan": {
        "pairs": [
          {
            "amplitude_pu": 0.0,
            "safe": true
          },
          {
            "amplitude_pu": 0.024548310554290048,
            "safe": true
          },
          {
            "amplitude_pu": 0.0544,
            "safe": true
          },
          {
            "amplitude_pu": 0.0982,
            "safe": true
          },
          {
            "amplitude_pu": 0.1322,
            "safe": true
          },
          {
            "amplitude_pu": 0.2168,
            "safe": true
          },
          {
            "amplitude_pu": 0.3,
            "safe": true
          },
          {
            "amplitude_pu": 0.4,
            "safe": true
          },
          {
            "amplitude_pu": 0.5,
            "safe": true
          }
        ],
        "transitions": [],
        "first_failure_bracket": null,
        "non_star_shaped": false,
        "all_safe": true,
        "center_safe": true
      },
      "boundary_status": "right_censored_at_search_upper",
      "safe_boundary_amplitude_pu": 0.5,
      "first_failure_amplitude_pu": null,
      "boundary_width_pu": null,
      "active_constraint": null,
      "first_violation_time_s": null,
      "first_violation_phase": null,
      "failure_recovery": null,
      "coarse_case_hashes": [
        "776A191AC10944501EA222AE74E6324AA778AAA089615B7375A8A5378E516B43",
        "032B09F441407127EE3A0DAF602ED920EE3A6B1417E3074D01304FD1237FC5ED",
        "6F5FB28257F45BB1E5E1EF51CD40178C5A44762554AD6AA8710D685851664975",
        "F70B1B96EB7CCBFC9E996E84EA2CADF69E3AC6B47E0CBAF70509E3C04223DD8E",
        "BA612FC24E2A7EFBB6362FB670F5E278F25DACB193663D2AA9396F1C5A8029CC",
        "9754DDCC2927AB92C203304121B64E733A34DC16818FE2E106725CF430E88978",
        "24DB9D51062A9AEC682A53311E2496995D52FBF8CE3430F83C5FD19E09827968",
        "AD7C1C763903A6FAA2316E4C224B7056C98B152171303AB2CA546DEC9D19ABF3",
        "D215CA21B41B8172AB97319139137DA7ED343CC0C2276F929A6F7CA052D57A6E"
      ],
      "bisection_case_hashes": []
    }
  ],
  "deterministic_summary_sha256": "AFBB02616706E9A6960CE955F0127ABAE7030D7BB75863DA9FD25F43447FC13B"
}
