{
  "study_id": "E2-F1-CENTER-SLOW-LOW-WAVE-V1",
  "scope": "formal E2 reference-feasibility radial search",
  "input_definition": {
    "domain_id": "D_ref",
    "kind": "net_load_reference",
    "sign_convention": "positive input denotes wind surplus and reduces the nuclear power reference",
    "claim_limit": "reference-feasibility domain, not a physical grid-disturbance rejection domain"
  },
  "system_scaling": {
    "model_system_base_mw": 100.0,
    "wind_portfolio_capacity_mw": 17.56,
    "mapping_version": "e2_slow_grid_v2",
    "mapping_file": "research_execution/02_data/w1a_slow_band/e2_slow_grid_v2.json",
    "claim_limit": "Sotavento Energy-unit interpretation remains provisional as documented by W1-A"
  },
  "constraint_registry_id": "E2-FORMAL-CONSTRAINTS-V1",
  "config_path": "D:\\mpc_gpt\\research_execution\\04_experiments\\configs\\e2_f1_center_slow_low_wave_v1.json",
  "config_sha256": "7AC638851C3E7817C2C506273AFC4BE46EFC52FE07939BB3DE1B221C864BB6E5",
  "code_provenance": {
    "formal_runner": "282FC1148A8B6225FCCD679BC1924E9FAA0907B82A4F4F79FE82D6568E719E65",
    "frequency_runner": "2087115F7F39D26DEBA6DD628EFF53478594AA1B9402A8D68626182276C4FCC4",
    "smoke_runner": "CCC6CAFD8BC698B75CF9D9C53B21E7D9E78330CBC36A68B8CBFE30A10BE64016",
    "metrics_source": "108631E395C0D67950ED64EDA0A8975D93500E8C4300911050F1282549366518",
    "mpc_utils": "48343A220E2B990CEB783B1E50C45D2F14B20FDFD38C6E01699D3CF7BAA1CCD8",
    "model": "E9B3BDAF2D0EDA000B72947373EAF76CBAC74D4D06ADC2F0DE3A7736CC0E8690",
    "parameters": "C09BC1DB5C2AAC3D5E0B897B6CFD7C5068EAD12D527F60BEEC6BA5DE4E0D719A",
    "schema": "ACC64A367AC70DE470B9FB69F9ECF9D2242BA5780F966862E415B95056E353F3"
  },
  "code_bundle_sha256": "C931CE2936BF1A3C2A3EF3060AC34CF48CEBF133953EB8A2B5CE438F65DAA3B1",
  "ray_count_total": 8,
  "ray_count_in_report": 1,
  "ray_results": [
    {
      "ray_index": 7,
      "ray": {
        "power_pu": 0.9,
        "soc": 0.5,
        "frequency": {
          "frequency_hz": 3.4993489583333335e-05,
          "cycles": 1,
          "evidence_class": "Sotavento W1-A 90% cumulative spectral-energy frequency"
        },
        "phase_rad": 4.71238898038469,
        "controller": "MPC"
      },
      "operating_observation": {
        "electrical_power_pu": 0.8999999999886228,
        "frequency_pu": 1.0
      },
      "coarse_scan": {
        "pairs": [
          {
            "amplitude_pu": 0.0,
            "safe": true
          },
          {
            "amplitude_pu": 0.024548310554290048,
            "safe": true
          },
          {
            "amplitude_pu": 0.038061564333333284,
            "safe": true
          },
          {
            "amplitude_pu": 0.0544,
            "safe": true
          },
          {
            "amplitude_pu": 0.0982,
            "safe": true
          },
          {
            "amplitude_pu": 0.1322,
            "safe": true
          },
          {
            "amplitude_pu": 0.2168,
            "safe": false
          },
          {
            "amplitude_pu": 0.3,
            "safe": false
          }
        ],
        "transitions": [
          {
            "lower_amplitude_pu": 0.1322,
            "upper_amplitude_pu": 0.2168,
            "from_safe": true,
            "to_safe": false
          }
        ],
        "first_failure_bracket": {
          "lower_amplitude_pu": 0.1322,
          "upper_amplitude_pu": 0.2168,
          "from_safe": true,
          "to_safe": false
        },
        "non_star_shaped": false,
        "all_safe": false,
        "center_safe": true
      },
      "boundary_status": "bracketed_first_failure",
      "safe_boundary_amplitude_pu": 0.1586375,
      "first_failure_amplitude_pu": 0.163925,
      "boundary_width_pu": 0.0052875000000000005,
      "active_constraint": "neutron_power_pu",
      "first_violation_time_s": 44.000373366672335,
      "first_violation_phase": "forcing",
      "failure_recovery": {
        "complete": true,
        "window_start_s": 28766.74418604651,
        "window_end_s": 28776.74418604651,
        "observed": {
          "power_abs_error_pu": 0.0002661167833112321,
          "frequency_abs_hz": 1.4125391522719468e-07,
          "coolant_average_abs_deviation_c": 0.28214156847946015,
          "bess_power_abs_mw": 0.01080752198433201
        },
        "limits": {
          "power_abs_error_pu": 0.005,
          "frequency_abs_hz": 0.02,
          "coolant_average_abs_deviation_c": 0.5,
          "bess_power_abs_mw": 0.25
        }
      },
      "coarse_case_hashes": [
        "0E610DD9547CA58486B35B90E783CDBFC0242D8C0481DF4B1DFBBF702ED36F13",
        "75096E910A375AF46484E40C97B458E59838C4F87AD38E5F338EF7247CDC383F",
        "1B273FF7D9369C273C9F1F734FF112E2383E80FF45AF2AD8A56C2E6529AB2632",
        "EA8206E76AFED49E861C6CA318A94FAE955EE27B69D9E2CA75789C67B05A715D",
        "81AFB77C500CF67ED24408BAEEC0DA2F020A9CE65BE7D5E525B257B27206CB6A",
        "005512DB816358CBCFA196922FE743E38D3F7DF31F86F72DC600FCB51A69EA18",
        "660EDDAF3B77216EA024C4E70CA8493A830757A37336F581AB4AC9E242499F2E",
        "308F6207F06A0974F1B5411D7AA0CEB867090FC3681AEFE72F5DE04ECFD221E3"
      ],
      "bisection_case_hashes": [
        "27DF753792288BB39A09649457CFB45D09225C1AD47F7EE9430F7D589F935D88",
        "161D9DFADD41EBC4885FCD7B14FFDD217EEB37F7EFDDF14F42DCC1023AD8D02F",
        "7E9E9C8453D29957331918845A2CF30988C7C43DB6CDCD7B9EBDB4D1A0FED5D2",
        "997BEE81BC4127603A88D5598DDA3EE03AF1DF555894149D608B328D5AA634A0"
      ]
    }
  ],
  "deterministic_summary_sha256": "3E6EA6CA339ADE2225BF32E2ABD74C422EC55254CC6854F8B279B5FD6CAAC440"
}
