{
  "study_id": "E2-F1-CENTER-SLOW-LOW-WAVE-V1",
  "scope": "formal E2 reference-feasibility radial search",
  "input_definition": {
    "domain_id": "D_ref",
    "kind": "net_load_reference",
    "sign_convention": "positive input denotes wind surplus and reduces the nuclear power reference",
    "claim_limit": "reference-feasibility domain, not a physical grid-disturbance rejection domain"
  },
  "system_scaling": {
    "model_system_base_mw": 100.0,
    "wind_portfolio_capacity_mw": 17.56,
    "mapping_version": "e2_slow_grid_v2",
    "mapping_file": "research_execution/02_data/w1a_slow_band/e2_slow_grid_v2.json",
    "claim_limit": "Sotavento Energy-unit interpretation remains provisional as documented by W1-A"
  },
  "constraint_registry_id": "E2-FORMAL-CONSTRAINTS-V1",
  "config_path": "D:\\mpc_gpt\\research_execution\\04_experiments\\configs\\e2_f1_center_slow_low_wave_v1.json",
  "config_sha256": "7AC638851C3E7817C2C506273AFC4BE46EFC52FE07939BB3DE1B221C864BB6E5",
  "code_provenance": {
    "formal_runner": "282FC1148A8B6225FCCD679BC1924E9FAA0907B82A4F4F79FE82D6568E719E65",
    "frequency_runner": "2087115F7F39D26DEBA6DD628EFF53478594AA1B9402A8D68626182276C4FCC4",
    "smoke_runner": "CCC6CAFD8BC698B75CF9D9C53B21E7D9E78330CBC36A68B8CBFE30A10BE64016",
    "metrics_source": "108631E395C0D67950ED64EDA0A8975D93500E8C4300911050F1282549366518",
    "mpc_utils": "48343A220E2B990CEB783B1E50C45D2F14B20FDFD38C6E01699D3CF7BAA1CCD8",
    "model": "E9B3BDAF2D0EDA000B72947373EAF76CBAC74D4D06ADC2F0DE3A7736CC0E8690",
    "parameters": "C09BC1DB5C2AAC3D5E0B897B6CFD7C5068EAD12D527F60BEEC6BA5DE4E0D719A",
    "schema": "ACC64A367AC70DE470B9FB69F9ECF9D2242BA5780F966862E415B95056E353F3"
  },
  "code_bundle_sha256": "C931CE2936BF1A3C2A3EF3060AC34CF48CEBF133953EB8A2B5CE438F65DAA3B1",
  "ray_count_total": 8,
  "ray_count_in_report": 1,
  "ray_results": [
    {
      "ray_index": 0,
      "ray": {
        "power_pu": 0.9,
        "soc": 0.5,
        "frequency": {
          "frequency_hz": 3.4993489583333335e-05,
          "cycles": 1,
          "evidence_class": "Sotavento W1-A 90% cumulative spectral-energy frequency"
        },
        "phase_rad": 0.0,
        "controller": "PID"
      },
      "operating_observation": {
        "electrical_power_pu": 0.8999999999886228,
        "frequency_pu": 1.0
      },
      "coarse_scan": {
        "pairs": [
          {
            "amplitude_pu": 0.0,
            "safe": true
          },
          {
            "amplitude_pu": 0.024548310554290048,
            "safe": true
          },
          {
            "amplitude_pu": 0.038061564333333284,
            "safe": true
          },
          {
            "amplitude_pu": 0.0544,
            "safe": true
          },
          {
            "amplitude_pu": 0.0982,
            "safe": true
          },
          {
            "amplitude_pu": 0.1322,
            "safe": true
          },
          {
            "amplitude_pu": 0.2168,
            "safe": false
          },
          {
            "amplitude_pu": 0.3,
            "safe": false
          }
        ],
        "transitions": [
          {
            "lower_amplitude_pu": 0.1322,
            "upper_amplitude_pu": 0.2168,
            "from_safe": true,
            "to_safe": false
          }
        ],
        "first_failure_bracket": {
          "lower_amplitude_pu": 0.1322,
          "upper_amplitude_pu": 0.2168,
          "from_safe": true,
          "to_safe": false
        },
        "non_star_shaped": false,
        "all_safe": false,
        "center_safe": true
      },
      "boundary_status": "bracketed_first_failure",
      "safe_boundary_amplitude_pu": 0.19565,
      "first_failure_amplitude_pu": 0.2009375,
      "boundary_width_pu": 0.0052875000000000005,
      "active_constraint": "neutron_power_pu",
      "first_violation_time_s": 20956.67782860611,
      "first_violation_phase": "forcing",
      "failure_recovery": {
        "complete": true,
        "window_start_s": 28766.74418604651,
        "window_end_s": 28776.74418604651,
        "observed": {
          "power_abs_error_pu": 1.7225899963113633e-06,
          "frequency_abs_hz": 1.4904211198114915e-09,
          "coolant_average_abs_deviation_c": 0.2924190390251624,
          "bess_power_abs_mw": 0.00017431480114285362
        },
        "limits": {
          "power_abs_error_pu": 0.005,
          "frequency_abs_hz": 0.02,
          "coolant_average_abs_deviation_c": 0.5,
          "bess_power_abs_mw": 0.25
        }
      },
      "coarse_case_hashes": [
        "626EC3F6DB980118CFD848A56BAC0807EE7470B5AAD0CD467B2CA474C3C73617",
        "D776BE6095D40498E56037D6E8FEB4827EC8347F65A3E1BE84C9D9DCD297556B",
        "7DA24ADEE4E86C14B9B2054EF8070148723CA3B4B680D138390E87A7371A57F0",
        "81B895F13F3E5D80EF36A1B85D371BB0C915CCA9ED7305AD9F640F90DC20B4F1",
        "2A44484FC29054603A4EF07113F6F60E57E762D9F32D7430371D23DEC169AD42",
        "C1ABB293341D6C906FD3F707B1D6841155B76CD3393B42C47F08920ABACF591E",
        "167769D0C2C9A5A237ABDA16E725B3EF5B57B7399A24BE8FC8A39FFBF501182A",
        "C6E1F6E1DB804DEC5E923ECD863BC7EA7C99618B5956BA5AD8265FCA29F99A39"
      ],
      "bisection_case_hashes": [
        "348427CD6FC968DEF3EF62AA8C0724AC80214775255FAB22C16AA624E261FE47",
        "6E51B11D0A9C2654ABBA95B914F59152CA039FA8466C03794B10F81ACFEA5EF3",
        "EB539811A8B910F54A430A349C5CE84932F6CD1DCD5D7DD2C716EDBB965B2A3D",
        "C10000F6A8961A9E6BD667C3E244CEB5D12E5B4635853B231D3DF4D04610192D"
      ]
    }
  ],
  "deterministic_summary_sha256": "B6E16B36269000FCB5841D1548934417D217A52CBC0B3A6CC4AFEBFD6DFF1000"
}
