D:\Micorsoft Edgeœ¬‘ÿ\py3.8\lib\site-packages\cvxpy\problems\problem.py:158: UserWarning: Objective contains too many subexpressions. Consider vectorizing your CVXPY code to speed up compilation.
  warnings.warn("Objective contains too many subexpressions. "
{
  "study_id": "E2-FAST-CROSS-OPERATING-V1",
  "scope": "formal E2 first-failure radial search under frozen baseline controllers",
  "config_path": "D:\\mpc_gpt\\research_execution\\04_experiments\\configs\\e2_fast_cross_operating_v1.json",
  "config_sha256": "4B408AF8910BD20AE4E8DE62683E9CB804DAA235636F8564E4D47C532BEE2B72",
  "code_provenance": {
    "formal_runner": "3A665850870D2E742763824D503FFCE1D9F3DDBE366EF0D7DFAC71F3A8ED4870",
    "frequency_runner": "9387493BD3DC548A2EC339B33C74CA97065834276FB5948385C2982B357E2269",
    "smoke_runner": "0BB79495218339AF5E2B2B9BFD7CF8D93E9307D80F57AA1D6EEF8697927D3518",
    "metrics_source": "2BEF3F82FDBE8AEF1E316A3CD6547261952FBAECFA6CAFD108C0F1B091200BC2",
    "mpc_utils": "0920CD6462F510CDC208BD0E4F35A7A9CB2BF4DEECA1A44A8EC2D21A998CF372",
    "model": "5E3EEBC405B561CFC6C783E24F0E7C92EB7081A4BE62599D282E84F4BEDEA973",
    "parameters": "6CF7F261220636F835380F1C56C59C65AD1A6F9CA3E47B797D8CB83AD88587A2",
    "schema": "11EF83265B74F7996080F9B57EDA9270438D1ABBA62EED1C14C0A04E353EA951"
  },
  "code_bundle_sha256": "21740F2EDFD740217BE5FC42E84A9A5D247B4E0C45FB641F56175C9FB5C03242",
  "ray_count_total": 108,
  "ray_count_in_report": 1,
  "ray_results": [
    {
      "ray_index": 3,
      "ray": {
        "power_pu": 0.8,
        "soc": 0.2,
        "frequency": {
          "frequency_hz": 0.005,
          "cycles": 1,
          "evidence_class": "MORE-EU direct active power; lower fast-band representative"
        },
        "phase_rad": 3.141592653589793,
        "controller": "MPC"
      },
      "operating_observation": {
        "electrical_power_pu": 0.7999999999913899,
        "frequency_pu": 1.0
      },
      "coarse_scan": {
        "pairs": [
          {
            "amplitude_pu": 0.0,
            "safe": true
          },
          {
            "amplitude_pu": 0.024548310554290048,
            "safe": true
          },
          {
            "amplitude_pu": 0.0544,
            "safe": true
          },
          {
            "amplitude_pu": 0.0982,
            "safe": true
          },
          {
            "amplitude_pu": 0.1322,
            "safe": true
          },
          {
            "amplitude_pu": 0.2168,
            "safe": true
          },
          {
            "amplitude_pu": 0.3,
            "safe": false
          }
        ],
        "transitions": [
          {
            "lower_amplitude_pu": 0.2168,
            "upper_amplitude_pu": 0.3,
            "from_safe": true,
            "to_safe": false
          }
        ],
        "first_failure_bracket": {
          "lower_amplitude_pu": 0.2168,
          "upper_amplitude_pu": 0.3,
          "from_safe": true,
          "to_safe": false
        },
        "non_star_shaped": false,
        "all_safe": false,
        "center_safe": true
      },
      "boundary_status": "bracketed_first_failure",
      "safe_boundary_amplitude_pu": 0.274,
      "first_failure_amplitude_pu": 0.2792,
      "boundary_width_pu": 0.005199999999999982,
      "active_constraint": "neutron_power_pu",
      "first_violation_time_s": 69.0,
      "coarse_case_hashes": [
        "5DF0F344B7AE5C04AFC7999B8ECF38EB1CA01B28832D45721FD47CFD367945CA",
        "AC1C2C7E59895AE1488396CEF0A97AE9BC104438B1E0524602C9F3EAD7A64E04",
        "B9F7355865D2496855514F37FC91A16A43D6F0025A55FF772FB383B1DF33B754",
        "1FD5CA281A83C840762F9DC198923D4D70B8EE9FCB26D0A9402E2162E6A646BF",
        "C51B611759F805D8258D5EE9D7663FD20B6A4C780ACD02D5427429BAB7D11EF0",
        "2004B4BEC742EBBB3D3A2DE331E91BE092AACFF95BEDDF80AA27051A3E4D3AC0",
        "C7AB277C2E17F6B15EFAD0518CEA18DE2DDA2DB4DE1AAC682D7BE306A2353F03"
      ],
      "bisection_case_hashes": [
        "58D6076D9E99A963183634DC55A04A517AD34DB223B8B980E16C3177BF9B332F",
        "C0DD3827FBC4B2126FF119D170BB091FA7084D5425D9D892D6CA1445FAC4AC61",
        "E4BF2F9E09C6BB31CDBE68640CE74FF827BDA8D7B8722E52F6B624809BE8B96C",
        "7A586BE44463C9565F5C383DA33ABEA1BC892BC66934D366A9EAC80227262970"
      ]
    }
  ],
  "deterministic_summary_sha256": "BDB502B2EC86DAF39BABCFFDEA2A29412CB4B79D3999A2F1B6AE7F9EEDD6F9C8"
}
