{
  "study_id": "E2-F1-CENTER-SLOW-MID-WAVE-V1",
  "scope": "formal E2 reference-feasibility radial search",
  "input_definition": {
    "domain_id": "D_ref",
    "kind": "net_load_reference",
    "sign_convention": "positive input denotes wind surplus and reduces the nuclear power reference",
    "claim_limit": "reference-feasibility domain, not a physical grid-disturbance rejection domain"
  },
  "system_scaling": {
    "model_system_base_mw": 100.0,
    "wind_portfolio_capacity_mw": 17.56,
    "mapping_version": "e2_slow_grid_v2",
    "mapping_file": "research_execution/02_data/w1a_slow_band/e2_slow_grid_v2.json",
    "claim_limit": "Sotavento Energy-unit interpretation remains provisional as documented by W1-A"
  },
  "constraint_registry_id": "E2-FORMAL-CONSTRAINTS-V1",
  "config_path": "D:\\mpc_gpt\\research_execution\\04_experiments\\configs\\e2_f1_center_slow_mid_wave_v1.json",
  "config_sha256": "094AF3839A1E291983EEE234240BAF2C8B51E313112F6958C217E3A72CDEF97F",
  "code_provenance": {
    "formal_runner": "282FC1148A8B6225FCCD679BC1924E9FAA0907B82A4F4F79FE82D6568E719E65",
    "frequency_runner": "2087115F7F39D26DEBA6DD628EFF53478594AA1B9402A8D68626182276C4FCC4",
    "smoke_runner": "CCC6CAFD8BC698B75CF9D9C53B21E7D9E78330CBC36A68B8CBFE30A10BE64016",
    "metrics_source": "108631E395C0D67950ED64EDA0A8975D93500E8C4300911050F1282549366518",
    "mpc_utils": "48343A220E2B990CEB783B1E50C45D2F14B20FDFD38C6E01699D3CF7BAA1CCD8",
    "model": "E9B3BDAF2D0EDA000B72947373EAF76CBAC74D4D06ADC2F0DE3A7736CC0E8690",
    "parameters": "C09BC1DB5C2AAC3D5E0B897B6CFD7C5068EAD12D527F60BEEC6BA5DE4E0D719A",
    "schema": "ACC64A367AC70DE470B9FB69F9ECF9D2242BA5780F966862E415B95056E353F3"
  },
  "code_bundle_sha256": "C931CE2936BF1A3C2A3EF3060AC34CF48CEBF133953EB8A2B5CE438F65DAA3B1",
  "ray_count_total": 8,
  "ray_count_in_report": 1,
  "ray_results": [
    {
      "ray_index": 5,
      "ray": {
        "power_pu": 0.9,
        "soc": 0.5,
        "frequency": {
          "frequency_hz": 8.015950520833334e-05,
          "cycles": 1,
          "evidence_class": "Sotavento W1-A 95% cumulative spectral-energy frequency"
        },
        "phase_rad": 3.141592653589793,
        "controller": "MPC"
      },
      "operating_observation": {
        "electrical_power_pu": 0.8999999999886228,
        "frequency_pu": 1.0
      },
      "coarse_scan": {
        "pairs": [
          {
            "amplitude_pu": 0.0,
            "safe": true
          },
          {
            "amplitude_pu": 0.024548310554290048,
            "safe": true
          },
          {
            "amplitude_pu": 0.038061564333333284,
            "safe": true
          },
          {
            "amplitude_pu": 0.0544,
            "safe": true
          },
          {
            "amplitude_pu": 0.0982,
            "safe": true
          },
          {
            "amplitude_pu": 0.1322,
            "safe": true
          },
          {
            "amplitude_pu": 0.2168,
            "safe": false
          },
          {
            "amplitude_pu": 0.3,
            "safe": false
          }
        ],
        "transitions": [
          {
            "lower_amplitude_pu": 0.1322,
            "upper_amplitude_pu": 0.2168,
            "from_safe": true,
            "to_safe": false
          }
        ],
        "first_failure_bracket": {
          "lower_amplitude_pu": 0.1322,
          "upper_amplitude_pu": 0.2168,
          "from_safe": true,
          "to_safe": false
        },
        "non_star_shaped": false,
        "all_safe": false,
        "center_safe": true
      },
      "boundary_status": "bracketed_first_failure",
      "safe_boundary_amplitude_pu": 0.206225,
      "first_failure_amplitude_pu": 0.2115125,
      "boundary_width_pu": 0.0052875000000000005,
      "active_constraint": "neutron_power_pu",
      "first_violation_time_s": 2852.0285545510064,
      "first_violation_phase": "forcing",
      "failure_recovery": {
        "complete": true,
        "window_start_s": 12665.126903553299,
        "window_end_s": 12675.126903553299,
        "observed": {
          "power_abs_error_pu": 0.00017339422591211573,
          "frequency_abs_hz": 5.351985521276044e-09,
          "coolant_average_abs_deviation_c": 0.27414493922287875,
          "bess_power_abs_mw": 0.000410143912614134
        },
        "limits": {
          "power_abs_error_pu": 0.005,
          "frequency_abs_hz": 0.02,
          "coolant_average_abs_deviation_c": 0.5,
          "bess_power_abs_mw": 0.25
        }
      },
      "coarse_case_hashes": [
        "B6FDC39C963D84144233A48DAFA2E4C65FD8343A32CCC2179621A5F7B819FD6F",
        "441BEDFA0D195CA5B560D7E6838CDD35176127C56FD2D40DB1DCA080C4F28E70",
        "0FCB1A5261C5F07CAB459590CDC087C4BAD63CFC5C87F269ADEC5B57FEE819FE",
        "5ADE661102DE5FA01A96B5C406E47339901214D3A0B8FDF38CEA3F2DDF497970",
        "36AAA5A2B8C6B1C7B0A83717E9E88510A14596EFF9F75363CD9B480BA05DFCA8",
        "16B2675E601952D2CA152DF344B206B434643B1735FA78FE76BD4C98AF46D8C3",
        "182625DEE4D1DEAEDB4414BB9CB10B2B7A9654F581B2E8240733777F77C6D4F8",
        "519B91D13BA57B814D764B8305AC7BE0C018BB2765EDCAAE0C2A7DED60CD1376"
      ],
      "bisection_case_hashes": [
        "0E2699F56ED4A60067AED03758034A7B64A72977B9F6A527868037F13627E56E",
        "2F859A8642A7E30B7F5A880C7C78C2CCC7FE4E74232E97FE63C7C8A31900DED6",
        "D03F69457D7A0FD233F9BD242B35CACA89ADEB4C6E7C79D35F32ADBFEE531251",
        "DA2284EA247884C6ED903F90568CAFAE99FCA93C2CD90211CA58011F639B31E2"
      ]
    }
  ],
  "deterministic_summary_sha256": "4338682C31039AC4151CF2AC9B1737C8EAB4B258ECB9787A25C29AD05652B4D1"
}
