{
  "study_id": "E2-F1-CENTER-SLOW-HIGH-WAVE-V1",
  "scope": "formal E2 reference-feasibility radial search",
  "input_definition": {
    "domain_id": "D_ref",
    "kind": "net_load_reference",
    "sign_convention": "positive input denotes wind surplus and reduces the nuclear power reference",
    "claim_limit": "reference-feasibility domain, not a physical grid-disturbance rejection domain"
  },
  "system_scaling": {
    "model_system_base_mw": 100.0,
    "wind_portfolio_capacity_mw": 17.56,
    "mapping_version": "e2_slow_grid_v2",
    "mapping_file": "research_execution/02_data/w1a_slow_band/e2_slow_grid_v2.json",
    "claim_limit": "Sotavento Energy-unit interpretation remains provisional as documented by W1-A"
  },
  "constraint_registry_id": "E2-FORMAL-CONSTRAINTS-V1",
  "config_path": "D:\\mpc_gpt\\research_execution\\04_experiments\\configs\\e2_f1_center_slow_high_wave_v1.json",
  "config_sha256": "6D3EE11FA4D0772B4BCABA9A8D53E24EDBB828494DAC84B2D176F200F0E7DC16",
  "code_provenance": {
    "formal_runner": "282FC1148A8B6225FCCD679BC1924E9FAA0907B82A4F4F79FE82D6568E719E65",
    "frequency_runner": "2087115F7F39D26DEBA6DD628EFF53478594AA1B9402A8D68626182276C4FCC4",
    "smoke_runner": "CCC6CAFD8BC698B75CF9D9C53B21E7D9E78330CBC36A68B8CBFE30A10BE64016",
    "metrics_source": "108631E395C0D67950ED64EDA0A8975D93500E8C4300911050F1282549366518",
    "mpc_utils": "48343A220E2B990CEB783B1E50C45D2F14B20FDFD38C6E01699D3CF7BAA1CCD8",
    "model": "E9B3BDAF2D0EDA000B72947373EAF76CBAC74D4D06ADC2F0DE3A7736CC0E8690",
    "parameters": "C09BC1DB5C2AAC3D5E0B897B6CFD7C5068EAD12D527F60BEEC6BA5DE4E0D719A",
    "schema": "ACC64A367AC70DE470B9FB69F9ECF9D2242BA5780F966862E415B95056E353F3"
  },
  "code_bundle_sha256": "C931CE2936BF1A3C2A3EF3060AC34CF48CEBF133953EB8A2B5CE438F65DAA3B1",
  "ray_count_total": 8,
  "ray_count_in_report": 1,
  "ray_results": [
    {
      "ray_index": 6,
      "ray": {
        "power_pu": 0.9,
        "soc": 0.5,
        "frequency": {
          "frequency_hz": 0.0003076171875,
          "cycles": 1,
          "evidence_class": "Sotavento W1-A 99% cumulative spectral-energy frequency"
        },
        "phase_rad": 4.71238898038469,
        "controller": "PID"
      },
      "operating_observation": {
        "electrical_power_pu": 0.8999999999886228,
        "frequency_pu": 1.0
      },
      "coarse_scan": {
        "pairs": [
          {
            "amplitude_pu": 0.0,
            "safe": true
          },
          {
            "amplitude_pu": 0.024548310554290048,
            "safe": true
          },
          {
            "amplitude_pu": 0.038061564333333284,
            "safe": true
          },
          {
            "amplitude_pu": 0.0544,
            "safe": true
          },
          {
            "amplitude_pu": 0.0982,
            "safe": true
          },
          {
            "amplitude_pu": 0.1322,
            "safe": true
          },
          {
            "amplitude_pu": 0.2168,
            "safe": false
          },
          {
            "amplitude_pu": 0.3,
            "safe": false
          }
        ],
        "transitions": [
          {
            "lower_amplitude_pu": 0.1322,
            "upper_amplitude_pu": 0.2168,
            "from_safe": true,
            "to_safe": false
          }
        ],
        "first_failure_bracket": {
          "lower_amplitude_pu": 0.1322,
          "upper_amplitude_pu": 0.2168,
          "from_safe": true,
          "to_safe": false
        },
        "non_star_shaped": false,
        "all_safe": false,
        "center_safe": true
      },
      "boundary_status": "bracketed_first_failure",
      "safe_boundary_amplitude_pu": 0.14806249999999999,
      "first_failure_amplitude_pu": 0.15335,
      "boundary_width_pu": 0.0052875000000000005,
      "active_constraint": "neutron_power_pu",
      "first_violation_time_s": 44.997309268535,
      "first_violation_phase": "forcing",
      "failure_recovery": {
        "complete": true,
        "window_start_s": 3440.7936507936506,
        "window_end_s": 3450.7936507936506,
        "observed": {
          "power_abs_error_pu": 0.0001011966972237488,
          "frequency_abs_hz": 8.55031778688162e-08,
          "coolant_average_abs_deviation_c": 0.19409973473045739,
          "bess_power_abs_mw": 0.010259563487865693
        },
        "limits": {
          "power_abs_error_pu": 0.005,
          "frequency_abs_hz": 0.02,
          "coolant_average_abs_deviation_c": 0.5,
          "bess_power_abs_mw": 0.25
        }
      },
      "coarse_case_hashes": [
        "7AEE939D1506CFFA4554755F938062C402EB5BA476887BB1A42A201E77D086B6",
        "7F46BF4F9E93E70D243B97C855E368B82A5E1B0728560791189BC66EC873E6DE",
        "4EC5EE8284A9C870EA5B862BD4E405F39FB82987BC518B38FF6D908F54E5F39C",
        "50D4136927392508191B7E246FD46991DDE336F91BBD44EBF987E39FD3230F8A",
        "1A8DCB87E4A280A99DDA03A28125F13A29FF3ACC139A448CF54BB97559A1BCB1",
        "505996EB8FAC4349D81646AB4C6921EEEE99BD7D349295E544C53BE331D93138",
        "C1F22C8C875F8B4AF44A52EF2E610F5A5310F3AD37F1ACE257F486E64E58AB77",
        "CA6437F2E1E5C8916138114C29A172EE9D3A87F8CB4EB8B17EE0DB8F6DF02330"
      ],
      "bisection_case_hashes": [
        "20708CA9B798504FBEAEBEDA1766F50AEF3CF63D69A55BFF88EEBC991DBDC48B",
        "38468B11BA540D12553904E22746D62B8EC5F004BB40B49FFBB1A4615D38F680",
        "5FC365CA7CAAB2343487C12DE6C9C29CB43B4EBC32864EF6F99D48E762F70FF4",
        "3D8479069560F81D72E6BFAA63812A79B59D4B1D5652CE5FD672BC6B115EC96E"
      ]
    }
  ],
  "deterministic_summary_sha256": "6A68EB79F2063F8E2D3C67A96117A52BDFF3B29120925E8F2CCC0EF30C568396"
}
