{
  "study_id": "E2-F1-CENTER-SLOW-HIGH-WAVE-V1",
  "scope": "formal E2 reference-feasibility radial search",
  "input_definition": {
    "domain_id": "D_ref",
    "kind": "net_load_reference",
    "sign_convention": "positive input denotes wind surplus and reduces the nuclear power reference",
    "claim_limit": "reference-feasibility domain, not a physical grid-disturbance rejection domain"
  },
  "system_scaling": {
    "model_system_base_mw": 100.0,
    "wind_portfolio_capacity_mw": 17.56,
    "mapping_version": "e2_slow_grid_v2",
    "mapping_file": "research_execution/02_data/w1a_slow_band/e2_slow_grid_v2.json",
    "claim_limit": "Sotavento Energy-unit interpretation remains provisional as documented by W1-A"
  },
  "constraint_registry_id": "E2-FORMAL-CONSTRAINTS-V1",
  "config_path": "D:\\mpc_gpt\\research_execution\\04_experiments\\configs\\e2_f1_center_slow_high_wave_v1.json",
  "config_sha256": "6D3EE11FA4D0772B4BCABA9A8D53E24EDBB828494DAC84B2D176F200F0E7DC16",
  "code_provenance": {
    "formal_runner": "282FC1148A8B6225FCCD679BC1924E9FAA0907B82A4F4F79FE82D6568E719E65",
    "frequency_runner": "2087115F7F39D26DEBA6DD628EFF53478594AA1B9402A8D68626182276C4FCC4",
    "smoke_runner": "CCC6CAFD8BC698B75CF9D9C53B21E7D9E78330CBC36A68B8CBFE30A10BE64016",
    "metrics_source": "108631E395C0D67950ED64EDA0A8975D93500E8C4300911050F1282549366518",
    "mpc_utils": "48343A220E2B990CEB783B1E50C45D2F14B20FDFD38C6E01699D3CF7BAA1CCD8",
    "model": "E9B3BDAF2D0EDA000B72947373EAF76CBAC74D4D06ADC2F0DE3A7736CC0E8690",
    "parameters": "C09BC1DB5C2AAC3D5E0B897B6CFD7C5068EAD12D527F60BEEC6BA5DE4E0D719A",
    "schema": "ACC64A367AC70DE470B9FB69F9ECF9D2242BA5780F966862E415B95056E353F3"
  },
  "code_bundle_sha256": "C931CE2936BF1A3C2A3EF3060AC34CF48CEBF133953EB8A2B5CE438F65DAA3B1",
  "ray_count_total": 8,
  "ray_count_in_report": 1,
  "ray_results": [
    {
      "ray_index": 2,
      "ray": {
        "power_pu": 0.9,
        "soc": 0.5,
        "frequency": {
          "frequency_hz": 0.0003076171875,
          "cycles": 1,
          "evidence_class": "Sotavento W1-A 99% cumulative spectral-energy frequency"
        },
        "phase_rad": 1.5707963267948966,
        "controller": "PID"
      },
      "operating_observation": {
        "electrical_power_pu": 0.8999999999886228,
        "frequency_pu": 1.0
      },
      "coarse_scan": {
        "pairs": [
          {
            "amplitude_pu": 0.0,
            "safe": true
          },
          {
            "amplitude_pu": 0.024548310554290048,
            "safe": true
          },
          {
            "amplitude_pu": 0.038061564333333284,
            "safe": true
          },
          {
            "amplitude_pu": 0.0544,
            "safe": true
          },
          {
            "amplitude_pu": 0.0982,
            "safe": true
          },
          {
            "amplitude_pu": 0.1322,
            "safe": true
          },
          {
            "amplitude_pu": 0.2168,
            "safe": false
          },
          {
            "amplitude_pu": 0.3,
            "safe": false
          }
        ],
        "transitions": [
          {
            "lower_amplitude_pu": 0.1322,
            "upper_amplitude_pu": 0.2168,
            "from_safe": true,
            "to_safe": false
          }
        ],
        "first_failure_bracket": {
          "lower_amplitude_pu": 0.1322,
          "upper_amplitude_pu": 0.2168,
          "from_safe": true,
          "to_safe": false
        },
        "non_star_shaped": false,
        "all_safe": false,
        "center_safe": true
      },
      "boundary_status": "bracketed_first_failure",
      "safe_boundary_amplitude_pu": 0.19565,
      "first_failure_amplitude_pu": 0.2009375,
      "boundary_width_pu": 0.0052875000000000005,
      "active_constraint": "neutron_power_pu",
      "first_violation_time_s": 1586.4051367673505,
      "first_violation_phase": "forcing",
      "failure_recovery": {
        "complete": true,
        "window_start_s": 3440.7936507936506,
        "window_end_s": 3450.7936507936506,
        "observed": {
          "power_abs_error_pu": 0.0001300969451342171,
          "frequency_abs_hz": 1.0918125070390383e-07,
          "coolant_average_abs_deviation_c": 0.1689567660895932,
          "bess_power_abs_mw": 0.013195895960401927
        },
        "limits": {
          "power_abs_error_pu": 0.005,
          "frequency_abs_hz": 0.02,
          "coolant_average_abs_deviation_c": 0.5,
          "bess_power_abs_mw": 0.25
        }
      },
      "coarse_case_hashes": [
        "B54DA7C9CD4869BEFC8C8D0D73F1070428CF4CF5B9EF6827D6095187BFE78530",
        "AF88287718F066A147311B7282CA491667E24AFFCF38FE2062D47A1C7F6F938D",
        "CC9D3079F3DB6C8CBB4B910E6AE78EC4B9005DF3AE1FEC4DB74ED121F56622A7",
        "7D485C08CED08A6B47905284F782EB868B21284E1438CA29028A46D9719D0087",
        "BC3F49AEFD5DFE527E4029483E8456D36B6F6BED444D8E7A151417837D0C7759",
        "8988917BDEBAEBC6173B670C854AC2E1577BB85B0C72D5D0A68706EFAD418345",
        "915C72574F8D1ED9762A69262A88D3AFA866DB745EF90F0E21EACDF72FB5B269",
        "CE6F3D7CB4098984AB14E5BF84761BA35AD5650179431B1FC956A7B902EF0B12"
      ],
      "bisection_case_hashes": [
        "3956489EC482696E028682ADAEF79E4ADAA303233FF4334528771A958CFBDD7D",
        "D240676107268FEE5BB6F6DBD10EFEB4744BD1258A83B73C0D23B117C5AC9C37",
        "E42BD98B310782F4E377CCD36241A5F7AD5C5F153A3ADCF0EA7A128153397B23",
        "3B9CAF03F2D98CD7572ABDA0B635643581DA7C02FD66102C60A811198ED33401"
      ]
    }
  ],
  "deterministic_summary_sha256": "18D849F82A44830CDF0C68240AD580A5AAC0FE98AACC16ABA31B02E7641224A2"
}
