{
  "study_id": "E2-F1-CENTER-SLOW-HIGH-WAVE-V1",
  "scope": "formal E2 reference-feasibility radial search",
  "input_definition": {
    "domain_id": "D_ref",
    "kind": "net_load_reference",
    "sign_convention": "positive input denotes wind surplus and reduces the nuclear power reference",
    "claim_limit": "reference-feasibility domain, not a physical grid-disturbance rejection domain"
  },
  "system_scaling": {
    "model_system_base_mw": 100.0,
    "wind_portfolio_capacity_mw": 17.56,
    "mapping_version": "e2_slow_grid_v2",
    "mapping_file": "research_execution/02_data/w1a_slow_band/e2_slow_grid_v2.json",
    "claim_limit": "Sotavento Energy-unit interpretation remains provisional as documented by W1-A"
  },
  "constraint_registry_id": "E2-FORMAL-CONSTRAINTS-V1",
  "config_path": "D:\\mpc_gpt\\research_execution\\04_experiments\\configs\\e2_f1_center_slow_high_wave_v1.json",
  "config_sha256": "6D3EE11FA4D0772B4BCABA9A8D53E24EDBB828494DAC84B2D176F200F0E7DC16",
  "code_provenance": {
    "formal_runner": "282FC1148A8B6225FCCD679BC1924E9FAA0907B82A4F4F79FE82D6568E719E65",
    "frequency_runner": "2087115F7F39D26DEBA6DD628EFF53478594AA1B9402A8D68626182276C4FCC4",
    "smoke_runner": "CCC6CAFD8BC698B75CF9D9C53B21E7D9E78330CBC36A68B8CBFE30A10BE64016",
    "metrics_source": "108631E395C0D67950ED64EDA0A8975D93500E8C4300911050F1282549366518",
    "mpc_utils": "48343A220E2B990CEB783B1E50C45D2F14B20FDFD38C6E01699D3CF7BAA1CCD8",
    "model": "E9B3BDAF2D0EDA000B72947373EAF76CBAC74D4D06ADC2F0DE3A7736CC0E8690",
    "parameters": "C09BC1DB5C2AAC3D5E0B897B6CFD7C5068EAD12D527F60BEEC6BA5DE4E0D719A",
    "schema": "ACC64A367AC70DE470B9FB69F9ECF9D2242BA5780F966862E415B95056E353F3"
  },
  "code_bundle_sha256": "C931CE2936BF1A3C2A3EF3060AC34CF48CEBF133953EB8A2B5CE438F65DAA3B1",
  "ray_count_total": 8,
  "ray_count_in_report": 1,
  "ray_results": [
    {
      "ray_index": 7,
      "ray": {
        "power_pu": 0.9,
        "soc": 0.5,
        "frequency": {
          "frequency_hz": 0.0003076171875,
          "cycles": 1,
          "evidence_class": "Sotavento W1-A 99% cumulative spectral-energy frequency"
        },
        "phase_rad": 4.71238898038469,
        "controller": "MPC"
      },
      "operating_observation": {
        "electrical_power_pu": 0.8999999999886228,
        "frequency_pu": 1.0
      },
      "coarse_scan": {
        "pairs": [
          {
            "amplitude_pu": 0.0,
            "safe": true
          },
          {
            "amplitude_pu": 0.024548310554290048,
            "safe": true
          },
          {
            "amplitude_pu": 0.038061564333333284,
            "safe": true
          },
          {
            "amplitude_pu": 0.0544,
            "safe": true
          },
          {
            "amplitude_pu": 0.0982,
            "safe": true
          },
          {
            "amplitude_pu": 0.1322,
            "safe": true
          },
          {
            "amplitude_pu": 0.2168,
            "safe": false
          },
          {
            "amplitude_pu": 0.3,
            "safe": false
          }
        ],
        "transitions": [
          {
            "lower_amplitude_pu": 0.1322,
            "upper_amplitude_pu": 0.2168,
            "from_safe": true,
            "to_safe": false
          }
        ],
        "first_failure_bracket": {
          "lower_amplitude_pu": 0.1322,
          "upper_amplitude_pu": 0.2168,
          "from_safe": true,
          "to_safe": false
        },
        "non_star_shaped": false,
        "all_safe": false,
        "center_safe": true
      },
      "boundary_status": "bracketed_first_failure",
      "safe_boundary_amplitude_pu": 0.1586375,
      "first_failure_amplitude_pu": 0.163925,
      "boundary_width_pu": 0.0052875000000000005,
      "active_constraint": "neutron_power_pu",
      "first_violation_time_s": 44.497339165551274,
      "first_violation_phase": "forcing",
      "failure_recovery": {
        "complete": true,
        "window_start_s": 3440.7936507936506,
        "window_end_s": 3450.7936507936506,
        "observed": {
          "power_abs_error_pu": 0.0002631678497535539,
          "frequency_abs_hz": 1.3927959452032995e-07,
          "coolant_average_abs_deviation_c": 0.2818754451753307,
          "bess_power_abs_mw": 0.010682750845047816
        },
        "limits": {
          "power_abs_error_pu": 0.005,
          "frequency_abs_hz": 0.02,
          "coolant_average_abs_deviation_c": 0.5,
          "bess_power_abs_mw": 0.25
        }
      },
      "coarse_case_hashes": [
        "21561934399F384F1C4B6D78102FD88CF71F6E4B6E3D1F8A4FFFD4E4F4129FE5",
        "EEB4CCC26A8B0B51A854F7324A49045C7BDF732B030E57D992E7E5954001F431",
        "A8DE759054A99492EB2A5362CD48659597F051FF4A24CA2CBC586251FA799106",
        "CAA10070804921ABECFF9F03BD7E403585B452A9E77A66B3A1124018086A5321",
        "98C77ED66927E6DE947C0C011111107C4CD70C041C45EDF7BFD1611CDE12AD2C",
        "8FF0DC4602F2BAEB6B07FE24221DD0E121C37581BE27059AAA83DAAA9EC5929C",
        "1DBC71BFE7EA51C9BCA239A6E7D4D0DF66F362AFB7EE71D6825D53731B824DDC",
        "D61CE28A8FCEA895278E520645FF50AF1B4C06369E45B1298DC0143703CC12B4"
      ],
      "bisection_case_hashes": [
        "E2A284B0E52FE36C44972A8BD2F2A582879FEF44884819B6F3055108A179764E",
        "A562C4745345B87CB9676598BCDC7E4453700AC912E1E8F5DD53ED2C2A62C614",
        "4C12E3DD47A2B2457D6FF00C38F3467DBC5C3A83B34A42104E37C8D1CA884F73",
        "7920500A97FBC40497DC5775BF56F569CE031AD625B8E80B9EA682E638351A05"
      ]
    }
  ],
  "deterministic_summary_sha256": "06D13CE615BBD3BCD0828D6876E10BAFD785D3D73BD1D9DD87F8ECDEA461E4FB"
}
